Nov 23 23:11:38 cse520linux kernel: imklog 5.8.11, log source = /proc/kmsg started.
Nov 23 23:11:38 cse520linux rsyslogd: [origin software="rsyslogd" swVersion="5.8.11" x-pid="2202" x-info="http://www.rsyslog.com"] start
Nov 23 23:11:38 cse520linux kernel: [    0.000000] Initializing cgroup subsys cpuset
Nov 23 23:11:38 cse520linux kernel: [    0.000000] Initializing cgroup subsys cpu
Nov 23 23:11:38 cse520linux kernel: [    0.000000] Linux version 3.4-9-rtai-686-pae (Debian 3.4.55-4linuxcnc) () (gcc version 4.6.3 (Debian 4.6.3-14) ) #1 SMP PREEMPT Debian 3.4.55-4linuxcnc
Nov 23 23:11:38 cse520linux kernel: [    0.000000] BIOS-provided physical RAM map:
Nov 23 23:11:38 cse520linux kernel: [    0.000000]  BIOS-e820: 0000000000000000 - 000000000009fc00 (usable)
Nov 23 23:11:38 cse520linux kernel: [    0.000000]  BIOS-e820: 000000000009fc00 - 00000000000a0000 (reserved)
Nov 23 23:11:38 cse520linux kernel: [    0.000000]  BIOS-e820: 00000000000e0000 - 0000000000100000 (reserved)
Nov 23 23:11:38 cse520linux kernel: [    0.000000]  BIOS-e820: 0000000000100000 - 000000007f4d2000 (usable)
Nov 23 23:11:38 cse520linux kernel: [    0.000000]  BIOS-e820: 000000007f4d2000 - 000000007f4dd000 (reserved)
Nov 23 23:11:38 cse520linux kernel: [    0.000000]  BIOS-e820: 000000007f4dd000 - 000000007f534000 (usable)
Nov 23 23:11:38 cse520linux kernel: [    0.000000]  BIOS-e820: 000000007f534000 - 000000007f537000 (reserved)
Nov 23 23:11:38 cse520linux kernel: [    0.000000]  BIOS-e820: 000000007f537000 - 000000007f5bb000 (usable)
Nov 23 23:11:38 cse520linux kernel: [    0.000000]  BIOS-e820: 000000007f5bb000 - 000000007f5bf000 (reserved)
Nov 23 23:11:38 cse520linux kernel: [    0.000000]  BIOS-e820: 000000007f5bf000 - 000000007f678000 (usable)
Nov 23 23:11:38 cse520linux kernel: [    0.000000]  BIOS-e820: 000000007f678000 - 000000007f6bf000 (ACPI NVS)
Nov 23 23:11:38 cse520linux kernel: [    0.000000]  BIOS-e820: 000000007f6bf000 - 000000007f700000 (ACPI data)
Nov 23 23:11:38 cse520linux kernel: [    0.000000]  BIOS-e820: 000000007f700000 - 0000000080000000 (reserved)
Nov 23 23:11:38 cse520linux kernel: [    0.000000]  BIOS-e820: 00000000e0000000 - 00000000f0000000 (reserved)
Nov 23 23:11:38 cse520linux kernel: [    0.000000]  BIOS-e820: 00000000fec00000 - 00000000fec01000 (reserved)
Nov 23 23:11:38 cse520linux kernel: [    0.000000]  BIOS-e820: 00000000fed14000 - 00000000fed1a000 (reserved)
Nov 23 23:11:38 cse520linux kernel: [    0.000000]  BIOS-e820: 00000000fed1c000 - 00000000fed20000 (reserved)
Nov 23 23:11:38 cse520linux kernel: [    0.000000]  BIOS-e820: 00000000fee00000 - 00000000fee01000 (reserved)
Nov 23 23:11:38 cse520linux kernel: [    0.000000]  BIOS-e820: 00000000fff00000 - 0000000100000000 (reserved)
Nov 23 23:11:38 cse520linux kernel: [    0.000000] Notice: NX (Execute Disable) protection cannot be enabled: non-PAE kernel!
Nov 23 23:11:38 cse520linux kernel: [    0.000000] SMBIOS 2.4 present.
Nov 23 23:11:38 cse520linux kernel: [    0.000000] last_pfn = 0x7f678 max_arch_pfn = 0x100000
Nov 23 23:11:38 cse520linux kernel: [    0.000000] x86 PAT enabled: cpu 0, old 0x7040600070406, new 0x7010600070106
Nov 23 23:11:38 cse520linux kernel: [    0.000000] found SMP MP-table at [c00fe270] fe270
Nov 23 23:11:38 cse520linux kernel: [    0.000000] init_memory_mapping: 0000000000000000-00000000377fe000
Nov 23 23:11:38 cse520linux kernel: [    0.000000] RAMDISK: 36528000 - 3728c000
Nov 23 23:11:38 cse520linux kernel: [    0.000000] ACPI: RSDP 000fe020 00024 (v02 HP    )
Nov 23 23:11:38 cse520linux kernel: [    0.000000] ACPI: XSDT 7f6fe120 00064 (v01 HPQOEM SLIC-MPC 00000001      01000013)
Nov 23 23:11:38 cse520linux kernel: [    0.000000] ACPI: FACP 7f6fd000 000F4 (v04 HP     SPARTAN  00000001 LOHR 00000000)
Nov 23 23:11:38 cse520linux kernel: [    0.000000] ACPI: DSDT 7f6f4000 0802F (v01 HP     SPARTAN  00000001 LOHR 00000000)
Nov 23 23:11:38 cse520linux kernel: [    0.000000] ACPI: FACS 7f67d000 00040
Nov 23 23:11:38 cse520linux kernel: [    0.000000] ACPI: APIC 7f6f3000 00068 (v02 HPQOEM SLIC-MPC 00000001 LOHR 00000000)
Nov 23 23:11:38 cse520linux kernel: [    0.000000] ACPI: HPET 7f6f2000 00038 (v01 HPQOEM SLIC-MPC 00000001 LOHR 00000000)
Nov 23 23:11:38 cse520linux kernel: [    0.000000] ACPI: MCFG 7f6f1000 0003C (v01 HPQOEM SLIC-MPC 00000001 LOHR 00000000)
Nov 23 23:11:38 cse520linux kernel: [    0.000000] ACPI: ASF! 7f6f0000 000A5 (v32 HPQOEM SLIC-MPC 00000001 LOHR 00000000)
Nov 23 23:11:38 cse520linux kernel: [    0.000000] ACPI: SLIC 7f6ef000 00176 (v01 HPQOEM SLIC-MPC 00000001 LOHR 00000000)
Nov 23 23:11:38 cse520linux kernel: [    0.000000] ACPI: BOOT 7f6ee000 00028 (v01 HPQOEM SLIC-MPC 00000001 LOHR 00000000)
Nov 23 23:11:38 cse520linux kernel: [    0.000000] ACPI: SSDT 7f6ed000 004C4 (v01  PmRef    CpuPm 00003000 INTL 20051117)
Nov 23 23:11:38 cse520linux kernel: [    0.000000] 1150MB HIGHMEM available.
Nov 23 23:11:38 cse520linux kernel: [    0.000000] 887MB LOWMEM available.
Nov 23 23:11:38 cse520linux kernel: [    0.000000]   mapped low ram: 0 - 377fe000
Nov 23 23:11:38 cse520linux kernel: [    0.000000]   low ram: 0 - 377fe000
Nov 23 23:11:38 cse520linux kernel: [    0.000000] Zone PFN ranges:
Nov 23 23:11:38 cse520linux kernel: [    0.000000]   DMA      0x00000010 -> 0x00001000
Nov 23 23:11:38 cse520linux kernel: [    0.000000]   Normal   0x00001000 -> 0x000377fe
Nov 23 23:11:38 cse520linux kernel: [    0.000000]   HighMem  0x000377fe -> 0x0007f678
Nov 23 23:11:38 cse520linux kernel: [    0.000000] Movable zone start PFN for each node
Nov 23 23:11:38 cse520linux kernel: [    0.000000] Early memory PFN ranges
Nov 23 23:11:38 cse520linux kernel: [    0.000000]     0: 0x00000010 -> 0x0000009f
Nov 23 23:11:38 cse520linux kernel: [    0.000000]     0: 0x00000100 -> 0x0007f4d2
Nov 23 23:11:38 cse520linux kernel: [    0.000000]     0: 0x0007f4dd -> 0x0007f534
Nov 23 23:11:38 cse520linux kernel: [    0.000000]     0: 0x0007f537 -> 0x0007f5bb
Nov 23 23:11:38 cse520linux kernel: [    0.000000]     0: 0x0007f5bf -> 0x0007f678
Nov 23 23:11:38 cse520linux kernel: [    0.000000] Using APIC driver default
Nov 23 23:11:38 cse520linux kernel: [    0.000000] ACPI: PM-Timer IO Port: 0x408
Nov 23 23:11:38 cse520linux kernel: [    0.000000] ACPI: LAPIC (acpi_id[0x01] lapic_id[0x00] enabled)
Nov 23 23:11:38 cse520linux kernel: [    0.000000] ACPI: LAPIC (acpi_id[0x02] lapic_id[0x01] enabled)
Nov 23 23:11:38 cse520linux kernel: [    0.000000] ACPI: LAPIC_NMI (acpi_id[0x01] high edge lint[0x1])
Nov 23 23:11:38 cse520linux kernel: [    0.000000] ACPI: LAPIC_NMI (acpi_id[0x02] high edge lint[0x1])
Nov 23 23:11:38 cse520linux kernel: [    0.000000] ACPI: IOAPIC (id[0x04] address[0xfec00000] gsi_base[0])
Nov 23 23:11:38 cse520linux kernel: [    0.000000] IOAPIC[0]: apic_id 4, version 32, address 0xfec00000, GSI 0-23
Nov 23 23:11:38 cse520linux kernel: [    0.000000] ACPI: INT_SRC_OVR (bus 0 bus_irq 0 global_irq 2 dfl dfl)
Nov 23 23:11:38 cse520linux kernel: [    0.000000] ACPI: INT_SRC_OVR (bus 0 bus_irq 9 global_irq 9 high level)
Nov 23 23:11:38 cse520linux kernel: [    0.000000] Using ACPI (MADT) for SMP configuration information
Nov 23 23:11:38 cse520linux kernel: [    0.000000] ACPI: HPET id: 0x8086a201 base: 0xfed00000
Nov 23 23:11:38 cse520linux kernel: [    0.000000] SMP: Allowing 2 CPUs, 0 hotplug CPUs
Nov 23 23:11:38 cse520linux kernel: [    0.000000] PM: Registered nosave memory: 000000000009f000 - 00000000000a0000
Nov 23 23:11:38 cse520linux kernel: [    0.000000] PM: Registered nosave memory: 00000000000a0000 - 00000000000e0000
Nov 23 23:11:38 cse520linux kernel: [    0.000000] PM: Registered nosave memory: 00000000000e0000 - 0000000000100000
Nov 23 23:11:38 cse520linux kernel: [    0.000000] Allocating PCI resources starting at 80000000 (gap: 80000000:60000000)
Nov 23 23:11:38 cse520linux kernel: [    0.000000] setup_percpu: NR_CPUS:8 nr_cpumask_bits:8 nr_cpu_ids:2 nr_node_ids:1
Nov 23 23:11:38 cse520linux kernel: [    0.000000] PERCPU: Embedded 17 pages/cpu @f77cf000 s48384 r0 d21248 u69632
Nov 23 23:11:38 cse520linux kernel: [    0.000000] Built 1 zonelists in Zone order, mobility grouping on.  Total pages: 517640
Nov 23 23:11:38 cse520linux kernel: [    0.000000] Kernel command line: BOOT_IMAGE=/boot/vmlinuz-3.4-9-rtai-686-pae root=UUID=f73cbd23-3766-4e84-8857-186cbcf5c487 ro initrd=/install/gtk/initrd.gz lapic quiet rootdelay=5
Nov 23 23:11:38 cse520linux kernel: [    0.000000] PID hash table entries: 4096 (order: 2, 16384 bytes)
Nov 23 23:11:38 cse520linux kernel: [    0.000000] Dentry cache hash table entries: 131072 (order: 7, 524288 bytes)
Nov 23 23:11:38 cse520linux kernel: [    0.000000] Inode-cache hash table entries: 65536 (order: 6, 262144 bytes)
Nov 23 23:11:38 cse520linux kernel: [    0.000000] Initializing CPU#0
Nov 23 23:11:38 cse520linux kernel: [    0.000000] allocated 4174656 bytes of page_cgroup
Nov 23 23:11:38 cse520linux kernel: [    0.000000] please try 'cgroup_disable=memory' option if you don't want memory cgroups
Nov 23 23:11:38 cse520linux kernel: [    0.000000] Initializing HighMem for node 0 (000377fe:0007f678)
Nov 23 23:11:38 cse520linux kernel: [    0.000000] Memory: 2045908k/2087392k available (3495k kernel code, 40960k reserved, 1237k data, 416k init, 1178016k highmem)
Nov 23 23:11:38 cse520linux kernel: [    0.000000] virtual kernel memory layout:
Nov 23 23:11:38 cse520linux kernel: [    0.000000]     fixmap  : 0xfff17000 - 0xfffff000   ( 928 kB)
Nov 23 23:11:38 cse520linux kernel: [    0.000000]     pkmap   : 0xff800000 - 0xffc00000   (4096 kB)
Nov 23 23:11:38 cse520linux kernel: [    0.000000]     vmalloc : 0xf7ffe000 - 0xff7fe000   ( 120 MB)
Nov 23 23:11:38 cse520linux kernel: [    0.000000]     lowmem  : 0xc0000000 - 0xf77fe000   ( 887 MB)
Nov 23 23:11:38 cse520linux kernel: [    0.000000]       .init : 0xc14a0000 - 0xc1508000   ( 416 kB)
Nov 23 23:11:38 cse520linux kernel: [    0.000000]       .data : 0xc1369d4a - 0xc149f480   (1237 kB)
Nov 23 23:11:38 cse520linux kernel: [    0.000000]       .text : 0xc1000000 - 0xc1369d4a   (3495 kB)
Nov 23 23:11:38 cse520linux kernel: [    0.000000] Checking if this processor honours the WP bit even in supervisor mode...Ok.
Nov 23 23:11:38 cse520linux kernel: [    0.000000] Preemptible hierarchical RCU implementation.
Nov 23 23:11:38 cse520linux kernel: [    0.000000] 	RCU dyntick-idle grace-period acceleration is enabled.
Nov 23 23:11:38 cse520linux kernel: [    0.000000] NR_IRQS:2304 nr_irqs:512 16
Nov 23 23:11:38 cse520linux kernel: [    0.000000] Interrupt pipeline (release #3)
Nov 23 23:11:38 cse520linux kernel: [    0.000000] Console: colour VGA+ 80x25
Nov 23 23:11:38 cse520linux kernel: [    0.000000] console [tty0] enabled
Nov 23 23:11:38 cse520linux kernel: [    0.000000] Fast TSC calibration using PIT
Nov 23 23:11:38 cse520linux kernel: [    0.000000] Detected 1729.011 MHz processor.
Nov 23 23:11:38 cse520linux kernel: [    0.004002] Calibrating delay loop (skipped), value calculated using timer frequency.. 3458.02 BogoMIPS (lpj=6916044)
Nov 23 23:11:38 cse520linux kernel: [    0.004008] pid_max: default: 32768 minimum: 301
Nov 23 23:11:38 cse520linux kernel: [    0.004069] Security Framework initialized
Nov 23 23:11:38 cse520linux kernel: [    0.004075] AppArmor: AppArmor disabled by boot time parameter
Nov 23 23:11:38 cse520linux kernel: [    0.004099] Mount-cache hash table entries: 512
Nov 23 23:11:38 cse520linux kernel: [    0.004377] Initializing cgroup subsys cpuacct
Nov 23 23:11:38 cse520linux kernel: [    0.004380] Initializing cgroup subsys memory
Nov 23 23:11:38 cse520linux kernel: [    0.004391] Initializing cgroup subsys devices
Nov 23 23:11:38 cse520linux kernel: [    0.004395] Initializing cgroup subsys freezer
Nov 23 23:11:38 cse520linux kernel: [    0.004397] Initializing cgroup subsys net_cls
Nov 23 23:11:38 cse520linux kernel: [    0.004400] Initializing cgroup subsys blkio
Nov 23 23:11:38 cse520linux kernel: [    0.004410] Initializing cgroup subsys perf_event
Nov 23 23:11:38 cse520linux kernel: [    0.004447] CPU: Physical Processor ID: 0
Nov 23 23:11:38 cse520linux kernel: [    0.004450] CPU: Processor Core ID: 0
Nov 23 23:11:38 cse520linux kernel: [    0.004453] mce: CPU supports 6 MCE banks
Nov 23 23:11:38 cse520linux kernel: [    0.004462] CPU0: Thermal monitoring enabled (TM1)
Nov 23 23:11:38 cse520linux kernel: [    0.004531] ACPI: Core revision 20120320
Nov 23 23:11:38 cse520linux kernel: [    0.016067] Enabling APIC mode:  Flat.  Using 1 I/O APICs
Nov 23 23:11:38 cse520linux kernel: [    0.016536] ..TIMER: vector=0x30 apic1=0 pin1=2 apic2=-1 pin2=-1
Nov 23 23:11:38 cse520linux kernel: [    0.058869] CPU0: Intel(R) Pentium(R) Dual  CPU  T2370  @ 1.73GHz stepping 0d
Nov 23 23:11:38 cse520linux kernel: [    0.060003] Performance Events: PEBS fmt0+, 4-deep LBR, Core2 events, Intel PMU driver.
Nov 23 23:11:38 cse520linux kernel: [    0.060003] PEBS disabled due to CPU errata.
Nov 23 23:11:38 cse520linux kernel: [    0.060003] ... version:                2
Nov 23 23:11:38 cse520linux kernel: [    0.060003] ... bit width:              40
Nov 23 23:11:38 cse520linux kernel: [    0.060003] ... generic registers:      2
Nov 23 23:11:38 cse520linux kernel: [    0.060003] ... value mask:             000000ffffffffff
Nov 23 23:11:38 cse520linux kernel: [    0.060003] ... max period:             000000007fffffff
Nov 23 23:11:38 cse520linux kernel: [    0.060003] ... fixed-purpose events:   3
Nov 23 23:11:38 cse520linux kernel: [    0.060003] ... event mask:             0000000700000003
Nov 23 23:11:38 cse520linux kernel: [    0.068080] NMI watchdog: enabled, takes one hw-pmu counter.
Nov 23 23:11:38 cse520linux kernel: [    0.080032] Booting Node   0, Processors  #1 Ok.
Nov 23 23:11:38 cse520linux kernel: [    0.008000] Initializing CPU#1
Nov 23 23:11:38 cse520linux kernel: [    0.092051] NMI watchdog: enabled, takes one hw-pmu counter.
Nov 23 23:11:38 cse520linux kernel: [    0.092108] Brought up 2 CPUs
Nov 23 23:11:38 cse520linux kernel: [    0.092112] Total of 2 processors activated (6916.04 BogoMIPS).
Nov 23 23:11:38 cse520linux kernel: [    0.093005] devtmpfs: initialized
Nov 23 23:11:38 cse520linux kernel: [    0.093005] PM: Registering ACPI NVS region [mem 0x7f678000-0x7f6befff] (290816 bytes)
Nov 23 23:11:38 cse520linux kernel: [    0.093005] dummy: 
Nov 23 23:11:38 cse520linux kernel: [    0.093005] NET: Registered protocol family 16
Nov 23 23:11:38 cse520linux kernel: [    0.093005] ACPI: bus type pci registered
Nov 23 23:11:38 cse520linux kernel: [    0.093005] PCI: MMCONFIG for domain 0000 [bus 00-ff] at [mem 0xe0000000-0xefffffff] (base 0xe0000000)
Nov 23 23:11:38 cse520linux kernel: [    0.093005] PCI: MMCONFIG at [mem 0xe0000000-0xefffffff] reserved in E820
Nov 23 23:11:38 cse520linux kernel: [    0.093005] PCI: Using MMCONFIG for extended config space
Nov 23 23:11:38 cse520linux kernel: [    0.093005] PCI: Using configuration type 1 for base access
Nov 23 23:11:38 cse520linux kernel: [    0.096102] bio: create slab <bio-0> at 0
Nov 23 23:11:38 cse520linux kernel: [    0.096157] ACPI: Added _OSI(Module Device)
Nov 23 23:11:38 cse520linux kernel: [    0.096157] ACPI: Added _OSI(Processor Device)
Nov 23 23:11:38 cse520linux kernel: [    0.096157] ACPI: Added _OSI(3.0 _SCP Extensions)
Nov 23 23:11:38 cse520linux kernel: [    0.096157] ACPI: Added _OSI(Processor Aggregator Device)
Nov 23 23:11:38 cse520linux kernel: [    0.101758] ACPI: Executed 1 blocks of module-level executable AML code
Nov 23 23:11:38 cse520linux kernel: [    0.102965] [Firmware Bug]: ACPI: BIOS _OSI(Linux) query ignored
Nov 23 23:11:38 cse520linux kernel: [    0.104592] ACPI: SSDT 7f67cc90 0022C (v01  PmRef  Cpu0Ist 00003000 INTL 20051117)
Nov 23 23:11:38 cse520linux kernel: [    0.104592] ACPI: Dynamic OEM Table Load:
Nov 23 23:11:38 cse520linux kernel: [    0.104592] ACPI: SSDT   (null) 0022C (v01  PmRef  Cpu0Ist 00003000 INTL 20051117)
Nov 23 23:11:38 cse520linux kernel: [    0.104592] ACPI: SSDT 7f67b610 005D7 (v01  PmRef  Cpu0Cst 00003001 INTL 20051117)
Nov 23 23:11:38 cse520linux kernel: [    0.105147] ACPI: Dynamic OEM Table Load:
Nov 23 23:11:38 cse520linux kernel: [    0.105152] ACPI: SSDT   (null) 005D7 (v01  PmRef  Cpu0Cst 00003001 INTL 20051117)
Nov 23 23:11:38 cse520linux kernel: [    0.105178] ACPI: SSDT 7f67cf10 000C4 (v01  PmRef  Cpu1Ist 00003000 INTL 20051117)
Nov 23 23:11:38 cse520linux kernel: [    0.105178] ACPI: Dynamic OEM Table Load:
Nov 23 23:11:38 cse520linux kernel: [    0.105178] ACPI: SSDT   (null) 000C4 (v01  PmRef  Cpu1Ist 00003000 INTL 20051117)
Nov 23 23:11:38 cse520linux kernel: [    0.105334] ACPI: SSDT 7f67ed10 00083 (v01  PmRef  Cpu1Cst 00003000 INTL 20051117)
Nov 23 23:11:38 cse520linux kernel: [    0.105979] ACPI: Dynamic OEM Table Load:
Nov 23 23:11:38 cse520linux kernel: [    0.105984] ACPI: SSDT   (null) 00083 (v01  PmRef  Cpu1Cst 00003000 INTL 20051117)
Nov 23 23:11:38 cse520linux kernel: [    0.136109] ACPI: Interpreter enabled
Nov 23 23:11:38 cse520linux kernel: [    0.136127] ACPI: (supports S0 S3 S4 S5)
Nov 23 23:11:38 cse520linux kernel: [    0.136200] ACPI: Using IOAPIC for interrupt routing
Nov 23 23:11:38 cse520linux kernel: [    0.256868] [Firmware Bug]: ACPI: No _BQC method, cannot determine initial brightness
Nov 23 23:11:38 cse520linux kernel: [    0.258849] ACPI: EC: GPE = 0x1c, I/O: command/status = 0x66, data = 0x62
Nov 23 23:11:38 cse520linux kernel: [    0.259120] ACPI: No dock devices found.
Nov 23 23:11:38 cse520linux kernel: [    0.259130] PCI: Using host bridge windows from ACPI; if necessary, use "pci=nocrs" and report a bug
Nov 23 23:11:38 cse520linux kernel: [    0.259827] ACPI Warning: For \_SB_.PCI0._OSC: Parameter count mismatch - ASL declared 5, ACPI requires 4 (20120320/nspredef-359)
Nov 23 23:11:38 cse520linux kernel: [    0.259851] ACPI: PCI Root Bridge [PCI0] (domain 0000 [bus 00-ff])
Nov 23 23:11:38 cse520linux kernel: [    0.260977] pci_root PNP0A08:00: host bridge window [io  0x0000-0x0cf7]
Nov 23 23:11:38 cse520linux kernel: [    0.260981] pci_root PNP0A08:00: host bridge window [io  0x0d00-0xffff]
Nov 23 23:11:38 cse520linux kernel: [    0.260985] pci_root PNP0A08:00: host bridge window [mem 0x000a0000-0x000bffff]
Nov 23 23:11:38 cse520linux kernel: [    0.260991] pci_root PNP0A08:00: host bridge window [mem 0x80000000-0xfebfffff]
Nov 23 23:11:38 cse520linux kernel: [    0.261047] PCI host bridge to bus 0000:00
Nov 23 23:11:38 cse520linux kernel: [    0.261051] pci_bus 0000:00: root bus resource [io  0x0000-0x0cf7]
Nov 23 23:11:38 cse520linux kernel: [    0.261055] pci_bus 0000:00: root bus resource [io  0x0d00-0xffff]
Nov 23 23:11:38 cse520linux kernel: [    0.261059] pci_bus 0000:00: root bus resource [mem 0x000a0000-0x000bffff]
Nov 23 23:11:38 cse520linux kernel: [    0.261063] pci_bus 0000:00: root bus resource [mem 0x80000000-0xfebfffff]
Nov 23 23:11:38 cse520linux kernel: [    0.262564] pci 0000:00:1f.0: ICH7 LPC Generic IO decode 2 PIO at ff2c (mask 0003)
Nov 23 23:11:38 cse520linux kernel: [    0.263423] pci 0000:01:00.0: disabling ASPM on pre-1.1 PCIe device.  You can enable it with 'pcie_aspm=force'
Nov 23 23:11:38 cse520linux kernel: [    0.263440] pci 0000:00:1c.0: PCI bridge to [bus 01-01]
Nov 23 23:11:38 cse520linux kernel: [    0.263772] pci 0000:00:1e.0: PCI bridge to [bus 02-02] (subtractive decode)
Nov 23 23:11:38 cse520linux kernel: [    0.264651] ACPI Warning: For \_SB_.PCI0._OSC: Parameter count mismatch - ASL declared 5, ACPI requires 4 (20120320/nspredef-359)
Nov 23 23:11:38 cse520linux kernel: [    0.264674]  pci0000:00: Unable to request _OSC control (_OSC support mask: 0x0f)
Nov 23 23:11:38 cse520linux kernel: [    0.271439] ACPI: PCI Interrupt Link [LNKA] (IRQs 3 4 5 7 9 10 *11 12)
Nov 23 23:11:38 cse520linux kernel: [    0.271551] ACPI: PCI Interrupt Link [LNKB] (IRQs 3 4 5 7 9 *10 11 12)
Nov 23 23:11:38 cse520linux kernel: [    0.271660] ACPI: PCI Interrupt Link [LNKC] (IRQs 3 4 5 7 9 10 *11 12)
Nov 23 23:11:38 cse520linux kernel: [    0.271769] ACPI: PCI Interrupt Link [LNKD] (IRQs 3 4 5 7 9 10 *11 12)
Nov 23 23:11:38 cse520linux kernel: [    0.271878] ACPI: PCI Interrupt Link [LNKE] (IRQs 3 4 5 7 9 10 *11 12)
Nov 23 23:11:38 cse520linux kernel: [    0.271986] ACPI: PCI Interrupt Link [LNKF] (IRQs 3 4 5 7 9 10 *11 12)
Nov 23 23:11:38 cse520linux kernel: [    0.272105] ACPI: PCI Interrupt Link [LNKG] (IRQs 3 4 5 7 9 10 *11 12)
Nov 23 23:11:38 cse520linux kernel: [    0.272213] ACPI: PCI Interrupt Link [LNKH] (IRQs 3 4 5 7 9 10 *11 12)
Nov 23 23:11:38 cse520linux kernel: [    0.272311] vgaarb: device added: PCI:0000:00:02.0,decodes=io+mem,owns=io+mem,locks=none
Nov 23 23:11:38 cse520linux kernel: [    0.272311] vgaarb: loaded
Nov 23 23:11:38 cse520linux kernel: [    0.272311] vgaarb: bridge control possible 0000:00:02.0
Nov 23 23:11:38 cse520linux kernel: [    0.272311] PCI: Using ACPI for IRQ routing
Nov 23 23:11:38 cse520linux kernel: [    0.285917] hpet0: at MMIO 0xfed00000, IRQs 2, 8, 0
Nov 23 23:11:38 cse520linux kernel: [    0.285927] hpet0: 3 comparators, 64-bit 14.318180 MHz counter
Nov 23 23:11:38 cse520linux kernel: [    0.287956] Switching to clocksource hpet
Nov 23 23:11:38 cse520linux kernel: [    0.287970] pnp: PnP ACPI init
Nov 23 23:11:38 cse520linux kernel: [    0.287970] ACPI: bus type pnp registered
Nov 23 23:11:38 cse520linux kernel: [    0.345129] pnp 00:01: disabling [io  0x164e-0x164f] because it overlaps 0000:00:1e.0 BAR 13 [io  0x1000-0x1fff]
Nov 23 23:11:38 cse520linux kernel: [    0.345199] system 00:01: [io  0x0600-0x060f] has been reserved
Nov 23 23:11:38 cse520linux kernel: [    0.345203] system 00:01: [io  0x0610] has been reserved
Nov 23 23:11:38 cse520linux kernel: [    0.345207] system 00:01: [io  0x0800-0x080f] has been reserved
Nov 23 23:11:38 cse520linux kernel: [    0.345212] system 00:01: [io  0x0810-0x0817] has been reserved
Nov 23 23:11:38 cse520linux kernel: [    0.345216] system 00:01: [io  0x0400-0x047f] has been reserved
Nov 23 23:11:38 cse520linux kernel: [    0.345220] system 00:01: [io  0x0500-0x053f] has been reserved
Nov 23 23:11:38 cse520linux kernel: [    0.345225] system 00:01: [io  0xff2c-0xff2f] has been reserved
Nov 23 23:11:38 cse520linux kernel: [    0.345229] system 00:01: [mem 0xe0000000-0xefffffff] has been reserved
Nov 23 23:11:38 cse520linux kernel: [    0.345234] system 00:01: [mem 0xfed1c000-0xfed1ffff] has been reserved
Nov 23 23:11:38 cse520linux kernel: [    0.345238] system 00:01: [mem 0xfed14000-0xfed17fff] has been reserved
Nov 23 23:11:38 cse520linux kernel: [    0.345242] system 00:01: [mem 0xfed18000-0xfed18fff] has been reserved
Nov 23 23:11:38 cse520linux kernel: [    0.345247] system 00:01: [mem 0xfed19000-0xfed19fff] has been reserved
Nov 23 23:11:38 cse520linux kernel: [    0.345252] system 00:01: [mem 0xfec00000-0xfec00fff] could not be reserved
Nov 23 23:11:38 cse520linux kernel: [    0.345257] system 00:01: [mem 0xfee00000-0xfee00fff] has been reserved
Nov 23 23:11:38 cse520linux kernel: [    0.346087] pnp: PnP ACPI: found 9 devices
Nov 23 23:11:38 cse520linux kernel: [    0.346090] ACPI: ACPI bus type pnp unregistered
Nov 23 23:11:38 cse520linux kernel: [    0.346095] PnPBIOS: Disabled by ACPI PNP
Nov 23 23:11:38 cse520linux kernel: [    0.384276] pci 0000:00:1c.0: PCI bridge to [bus 01-01]
Nov 23 23:11:38 cse520linux kernel: [    0.384283] pci 0000:00:1c.0:   bridge window [io  0x2000-0x2fff]
Nov 23 23:11:38 cse520linux kernel: [    0.384293] pci 0000:00:1c.0:   bridge window [mem 0x91300000-0x923fffff]
Nov 23 23:11:38 cse520linux kernel: [    0.384300] pci 0000:00:1c.0:   bridge window [mem 0x90000000-0x90ffffff 64bit pref]
Nov 23 23:11:38 cse520linux kernel: [    0.384311] pci 0000:00:1e.0: PCI bridge to [bus 02-02]
Nov 23 23:11:38 cse520linux kernel: [    0.384316] pci 0000:00:1e.0:   bridge window [io  0x1000-0x1fff]
Nov 23 23:11:38 cse520linux kernel: [    0.384324] pci 0000:00:1e.0:   bridge window [mem 0x91200000-0x912fffff]
Nov 23 23:11:38 cse520linux kernel: [    0.384533] NET: Registered protocol family 2
Nov 23 23:11:38 cse520linux kernel: [    0.384625] IP route cache hash table entries: 32768 (order: 5, 131072 bytes)
Nov 23 23:11:38 cse520linux kernel: [    0.384908] TCP established hash table entries: 131072 (order: 8, 1048576 bytes)
Nov 23 23:11:38 cse520linux kernel: [    0.385429] TCP bind hash table entries: 65536 (order: 7, 524288 bytes)
Nov 23 23:11:38 cse520linux kernel: [    0.385792] TCP: Hash tables configured (established 131072 bind 65536)
Nov 23 23:11:38 cse520linux kernel: [    0.385796] TCP: reno registered
Nov 23 23:11:38 cse520linux kernel: [    0.385801] UDP hash table entries: 512 (order: 2, 16384 bytes)
Nov 23 23:11:38 cse520linux kernel: [    0.385816] UDP-Lite hash table entries: 512 (order: 2, 16384 bytes)
Nov 23 23:11:38 cse520linux kernel: [    0.385997] NET: Registered protocol family 1
Nov 23 23:11:38 cse520linux kernel: [    0.386437] Unpacking initramfs...
Nov 23 23:11:38 cse520linux kernel: [    0.771148] Freeing initrd memory: 13712k freed
Nov 23 23:11:38 cse520linux kernel: [    0.781175] Simple Boot Flag value 0x5 read from CMOS RAM was invalid
Nov 23 23:11:38 cse520linux kernel: [    0.781180] Simple Boot Flag at 0x44 set to 0x1
Nov 23 23:11:38 cse520linux kernel: [    0.781882] audit: initializing netlink socket (disabled)
Nov 23 23:11:38 cse520linux kernel: [    0.781902] type=2000 audit(1448320279.776:1): initialized
Nov 23 23:11:38 cse520linux kernel: [    0.797556] highmem bounce pool size: 64 pages
Nov 23 23:11:38 cse520linux kernel: [    0.797564] HugeTLB registered 4 MB page size, pre-allocated 0 pages
Nov 23 23:11:38 cse520linux kernel: [    0.797854] VFS: Disk quotas dquot_6.5.2
Nov 23 23:11:38 cse520linux kernel: [    0.797894] Dquot-cache hash table entries: 1024 (order 0, 4096 bytes)
Nov 23 23:11:38 cse520linux kernel: [    0.798000] msgmni has been set to 1721
Nov 23 23:11:38 cse520linux kernel: [    0.798255] alg: No test for stdrng (krng)
Nov 23 23:11:38 cse520linux kernel: [    0.798299] Block layer SCSI generic (bsg) driver version 0.4 loaded (major 253)
Nov 23 23:11:38 cse520linux kernel: [    0.798304] io scheduler noop registered
Nov 23 23:11:38 cse520linux kernel: [    0.798306] io scheduler deadline registered
Nov 23 23:11:38 cse520linux kernel: [    0.798336] io scheduler cfq registered (default)
Nov 23 23:11:38 cse520linux kernel: [    0.798558] pci_hotplug: PCI Hot Plug PCI Core version: 0.5
Nov 23 23:11:38 cse520linux kernel: [    0.798585] pciehp: PCI Express Hot Plug Controller Driver version: 0.4
Nov 23 23:11:38 cse520linux kernel: [    0.798588] acpiphp: ACPI Hot Plug PCI Controller Driver version: 0.5
Nov 23 23:11:38 cse520linux kernel: [    0.799126] GHES: HEST is not enabled!
Nov 23 23:11:38 cse520linux kernel: [    0.799144] isapnp: Scanning for PnP cards...
Nov 23 23:11:38 cse520linux kernel: [    1.153492] isapnp: No Plug & Play device found
Nov 23 23:11:38 cse520linux kernel: [    1.153576] Serial: 8250/16550 driver, 4 ports, IRQ sharing enabled
Nov 23 23:11:38 cse520linux kernel: [    1.154265] Linux agpgart interface v0.103
Nov 23 23:11:38 cse520linux kernel: [    1.154418] agpgart-intel 0000:00:00.0: Intel 965GM Chipset
Nov 23 23:11:38 cse520linux kernel: [    1.154550] agpgart-intel 0000:00:00.0: detected gtt size: 524288K total, 262144K mappable
Nov 23 23:11:38 cse520linux kernel: [    1.154940] agpgart-intel 0000:00:00.0: detected 8192K stolen memory
Nov 23 23:11:38 cse520linux kernel: [    1.155099] agpgart-intel 0000:00:00.0: AGP aperture is 256M @ 0x80000000
Nov 23 23:11:38 cse520linux kernel: [    1.155283] i8042: PNP: PS/2 Controller [PNP0303:KBC,PNP0f13:MSE0] at 0x60,0x64 irq 1,12
Nov 23 23:11:38 cse520linux kernel: [    1.186236] serio: i8042 KBD port at 0x60,0x64 irq 1
Nov 23 23:11:38 cse520linux kernel: [    1.186284] serio: i8042 AUX port at 0x60,0x64 irq 12
Nov 23 23:11:38 cse520linux kernel: [    1.186442] mousedev: PS/2 mouse device common for all mice
Nov 23 23:11:38 cse520linux kernel: [    1.188097] rtc_cmos 00:03: RTC can wake from S4
Nov 23 23:11:38 cse520linux kernel: [    1.188293] rtc_cmos 00:03: rtc core: registered rtc_cmos as rtc0
Nov 23 23:11:38 cse520linux kernel: [    1.188332] rtc0: alarms up to one month, 242 bytes nvram, hpet irqs
Nov 23 23:11:38 cse520linux kernel: [    1.188519] TCP: cubic registered
Nov 23 23:11:38 cse520linux kernel: [    1.188599] NET: Registered protocol family 10
Nov 23 23:11:38 cse520linux kernel: [    1.188907] Mobile IPv6
Nov 23 23:11:38 cse520linux kernel: [    1.188911] NET: Registered protocol family 17
Nov 23 23:11:38 cse520linux kernel: [    1.188918] Registering the dns_resolver key type
Nov 23 23:11:38 cse520linux kernel: [    1.188993] Using IPI No-Shortcut mode
Nov 23 23:11:38 cse520linux kernel: [    1.189177] registered taskstats version 1
Nov 23 23:11:38 cse520linux kernel: [    1.189697] rtc_cmos 00:03: setting system clock to 2015-11-23 23:11:21 UTC (1448320281)
Nov 23 23:11:38 cse520linux kernel: [    1.189868] Freeing unused kernel memory: 416k freed
Nov 23 23:11:38 cse520linux kernel: [    1.190146] Write protecting the kernel text: 3496k
Nov 23 23:11:38 cse520linux kernel: [    1.190180] Write protecting the kernel read-only data: 984k
Nov 23 23:11:38 cse520linux kernel: [    1.209308] input: AT Translated Set 2 keyboard as /devices/platform/i8042/serio0/input/input0
Nov 23 23:11:38 cse520linux kernel: [    1.249695] SCSI subsystem initialized
Nov 23 23:11:38 cse520linux kernel: [    1.262591] usbcore: registered new interface driver usbfs
Nov 23 23:11:38 cse520linux kernel: [    1.262629] usbcore: registered new interface driver hub
Nov 23 23:11:38 cse520linux kernel: [    1.271056] usbcore: registered new device driver usb
Nov 23 23:11:38 cse520linux kernel: [    1.271744] ehci_hcd: USB 2.0 'Enhanced' Host Controller (EHCI) Driver
Nov 23 23:11:38 cse520linux kernel: [    1.271853] ehci_hcd 0000:00:1d.7: EHCI Host Controller
Nov 23 23:11:38 cse520linux kernel: [    1.271893] ehci_hcd 0000:00:1d.7: new USB bus registered, assigned bus number 1
Nov 23 23:11:38 cse520linux kernel: [    1.271938] ehci_hcd 0000:00:1d.7: debug port 1
Nov 23 23:11:38 cse520linux kernel: [    1.275887] ehci_hcd 0000:00:1d.7: irq 23, io mem 0x92404800
Nov 23 23:11:38 cse520linux kernel: [    1.279269] 8139cp: 8139cp: 10/100 PCI Ethernet driver v1.3 (Mar 22, 2004)
Nov 23 23:11:38 cse520linux kernel: [    1.279301] 8139cp 0000:02:01.0: This (id 10ec:8139 rev 10) is not an 8139C+ compatible chip, use 8139too
Nov 23 23:11:38 cse520linux kernel: [    1.280056] 8139too: 8139too Fast Ethernet driver 0.9.28
Nov 23 23:11:38 cse520linux kernel: [    1.281281] 8139too 0000:02:01.0: eth0: RealTek RTL8139 at 0x1000, 00:1e:ec:22:9a:e9, IRQ 16
Nov 23 23:11:38 cse520linux kernel: [    1.288236] ehci_hcd 0000:00:1d.7: USB 2.0 started, EHCI 1.00
Nov 23 23:11:38 cse520linux kernel: [    1.289197] usb usb1: New USB device found, idVendor=1d6b, idProduct=0002
Nov 23 23:11:38 cse520linux kernel: [    1.289203] usb usb1: New USB device strings: Mfr=3, Product=2, SerialNumber=1
Nov 23 23:11:38 cse520linux kernel: [    1.289207] usb usb1: Product: EHCI Host Controller
Nov 23 23:11:38 cse520linux kernel: [    1.289210] usb usb1: Manufacturer: Linux 3.4-9-rtai-686-pae ehci_hcd
Nov 23 23:11:38 cse520linux kernel: [    1.289214] usb usb1: SerialNumber: 0000:00:1d.7
Nov 23 23:11:38 cse520linux kernel: [    1.289407] hub 1-0:1.0: USB hub found
Nov 23 23:11:38 cse520linux kernel: [    1.289416] hub 1-0:1.0: 6 ports detected
Nov 23 23:11:38 cse520linux kernel: [    1.291811] uhci_hcd: USB Universal Host Controller Interface driver
Nov 23 23:11:38 cse520linux kernel: [    1.292817] scsi0 : ata_piix
Nov 23 23:11:38 cse520linux kernel: [    1.294312] scsi1 : ata_piix
Nov 23 23:11:38 cse520linux kernel: [    1.295048] ata1: PATA max UDMA/100 cmd 0x1f0 ctl 0x3f6 bmdma 0x30a0 irq 14
Nov 23 23:11:38 cse520linux kernel: [    1.295054] ata2: PATA max UDMA/100 cmd 0x170 ctl 0x376 bmdma 0x30a8 irq 15
Nov 23 23:11:38 cse520linux kernel: [    1.295426] ahci: SSS flag set, parallel bus scan disabled
Nov 23 23:11:38 cse520linux kernel: [    1.295464] ahci 0000:00:1f.2: AHCI 0001.0100 32 slots 3 ports 3 Gbps 0x1 impl SATA mode
Nov 23 23:11:38 cse520linux kernel: [    1.295469] ahci 0000:00:1f.2: flags: 64bit ncq sntf ilck stag pm led clo pmp pio slum part ccc ems 
Nov 23 23:11:38 cse520linux kernel: [    1.296247] scsi2 : ahci
Nov 23 23:11:38 cse520linux kernel: [    1.296548] scsi3 : ahci
Nov 23 23:11:38 cse520linux kernel: [    1.296822] scsi4 : ahci
Nov 23 23:11:38 cse520linux kernel: [    1.297172] ata3: SATA max UDMA/133 abar m2048@0x92404000 port 0x92404100 irq 17
Nov 23 23:11:38 cse520linux kernel: [    1.297177] ata4: DUMMY
Nov 23 23:11:38 cse520linux kernel: [    1.297179] ata5: DUMMY
Nov 23 23:11:38 cse520linux kernel: [    1.297329] uhci_hcd 0000:00:1d.0: UHCI Host Controller
Nov 23 23:11:38 cse520linux kernel: [    1.297352] uhci_hcd 0000:00:1d.0: new USB bus registered, assigned bus number 2
Nov 23 23:11:38 cse520linux kernel: [    1.297414] uhci_hcd 0000:00:1d.0: irq 21, io base 0x00003080
Nov 23 23:11:38 cse520linux kernel: [    1.297476] usb usb2: New USB device found, idVendor=1d6b, idProduct=0001
Nov 23 23:11:38 cse520linux kernel: [    1.297481] usb usb2: New USB device strings: Mfr=3, Product=2, SerialNumber=1
Nov 23 23:11:38 cse520linux kernel: [    1.297485] usb usb2: Product: UHCI Host Controller
Nov 23 23:11:38 cse520linux kernel: [    1.297488] usb usb2: Manufacturer: Linux 3.4-9-rtai-686-pae uhci_hcd
Nov 23 23:11:38 cse520linux kernel: [    1.297491] usb usb2: SerialNumber: 0000:00:1d.0
Nov 23 23:11:38 cse520linux kernel: [    1.297666] hub 2-0:1.0: USB hub found
Nov 23 23:11:38 cse520linux kernel: [    1.297675] hub 2-0:1.0: 2 ports detected
Nov 23 23:11:38 cse520linux kernel: [    1.297810] uhci_hcd 0000:00:1d.1: UHCI Host Controller
Nov 23 23:11:38 cse520linux kernel: [    1.297823] uhci_hcd 0000:00:1d.1: new USB bus registered, assigned bus number 3
Nov 23 23:11:38 cse520linux kernel: [    1.297875] uhci_hcd 0000:00:1d.1: irq 20, io base 0x00003060
Nov 23 23:11:38 cse520linux kernel: [    1.297931] usb usb3: New USB device found, idVendor=1d6b, idProduct=0001
Nov 23 23:11:38 cse520linux kernel: [    1.297935] usb usb3: New USB device strings: Mfr=3, Product=2, SerialNumber=1
Nov 23 23:11:38 cse520linux kernel: [    1.297939] usb usb3: Product: UHCI Host Controller
Nov 23 23:11:38 cse520linux kernel: [    1.297942] usb usb3: Manufacturer: Linux 3.4-9-rtai-686-pae uhci_hcd
Nov 23 23:11:38 cse520linux kernel: [    1.297945] usb usb3: SerialNumber: 0000:00:1d.1
Nov 23 23:11:38 cse520linux kernel: [    1.298102] hub 3-0:1.0: USB hub found
Nov 23 23:11:38 cse520linux kernel: [    1.298113] hub 3-0:1.0: 2 ports detected
Nov 23 23:11:38 cse520linux kernel: [    1.298236] uhci_hcd 0000:00:1d.2: UHCI Host Controller
Nov 23 23:11:38 cse520linux kernel: [    1.298248] uhci_hcd 0000:00:1d.2: new USB bus registered, assigned bus number 4
Nov 23 23:11:38 cse520linux kernel: [    1.298301] uhci_hcd 0000:00:1d.2: irq 19, io base 0x00003040
Nov 23 23:11:38 cse520linux kernel: [    1.298356] usb usb4: New USB device found, idVendor=1d6b, idProduct=0001
Nov 23 23:11:38 cse520linux kernel: [    1.298361] usb usb4: New USB device strings: Mfr=3, Product=2, SerialNumber=1
Nov 23 23:11:38 cse520linux kernel: [    1.298364] usb usb4: Product: UHCI Host Controller
Nov 23 23:11:38 cse520linux kernel: [    1.298368] usb usb4: Manufacturer: Linux 3.4-9-rtai-686-pae uhci_hcd
Nov 23 23:11:38 cse520linux kernel: [    1.298371] usb usb4: SerialNumber: 0000:00:1d.2
Nov 23 23:11:38 cse520linux kernel: [    1.298521] hub 4-0:1.0: USB hub found
Nov 23 23:11:38 cse520linux kernel: [    1.298529] hub 4-0:1.0: 2 ports detected
Nov 23 23:11:38 cse520linux kernel: [    1.300760] microcode: CPU0 sig=0x6fd, pf=0x80, revision=0xa3
Nov 23 23:11:38 cse520linux kernel: [    1.352592] microcode: CPU0 updated to revision 0xa4, date = 2010-10-02
Nov 23 23:11:38 cse520linux kernel: [    1.352611] microcode: CPU1 sig=0x6fd, pf=0x80, revision=0xa3
Nov 23 23:11:38 cse520linux kernel: [    1.356383] microcode: CPU1 updated to revision 0xa4, date = 2010-10-02
Nov 23 23:11:38 cse520linux kernel: [    1.356465] microcode: Microcode Update Driver: v2.00 <tigran@aivazian.fsnet.co.uk>, Peter Oruba
Nov 23 23:11:38 cse520linux kernel: [    1.463750] ata1.00: ATAPI: TSSTcorp CDDVDW TS-L632H, HS02, max MWDMA2
Nov 23 23:11:38 cse520linux kernel: [    1.492288] ata1.00: configured for MWDMA2
Nov 23 23:11:38 cse520linux kernel: [    1.498295] scsi 0:0:0:0: CD-ROM            TSSTcorp CDDVDW TS-L632H  HS02 PQ: 0 ANSI: 5
Nov 23 23:11:38 cse520linux kernel: [    1.780026] Refined TSC clocksource calibration: 1728.999 MHz.
Nov 23 23:11:38 cse520linux kernel: [    1.780033] Switching to clocksource tsc
Nov 23 23:11:38 cse520linux kernel: [    1.788024] ata3: SATA link up 1.5 Gbps (SStatus 113 SControl 300)
Nov 23 23:11:38 cse520linux kernel: [    1.789087] ata3.00: ACPI cmd ef/10:03:00:00:00:a0 (SET FEATURES) filtered out
Nov 23 23:11:38 cse520linux kernel: [    1.789094] ata3.00: ATA-7: ST9160821AS, 3.BHE, max UDMA/100
Nov 23 23:11:38 cse520linux kernel: [    1.789098] ata3.00: 312581808 sectors, multi 16: LBA48 
Nov 23 23:11:38 cse520linux kernel: [    1.790262] ata3.00: ACPI cmd ef/10:03:00:00:00:a0 (SET FEATURES) filtered out
Nov 23 23:11:38 cse520linux kernel: [    1.790269] ata3.00: configured for UDMA/100
Nov 23 23:11:38 cse520linux kernel: [    1.790410] scsi 2:0:0:0: Direct-Access     ATA      ST9160821AS      3.BH PQ: 0 ANSI: 5
Nov 23 23:11:38 cse520linux kernel: [    1.800033] sd 2:0:0:0: [sda] 312581808 512-byte logical blocks: (160 GB/149 GiB)
Nov 23 23:11:38 cse520linux kernel: [    1.800119] sd 2:0:0:0: [sda] Write Protect is off
Nov 23 23:11:38 cse520linux kernel: [    1.800161] sd 2:0:0:0: [sda] Write cache: enabled, read cache: enabled, doesn't support DPO or FUA
Nov 23 23:11:38 cse520linux kernel: [    1.807850] sr0: scsi3-mmc drive: 24x/24x writer dvd-ram cd/rw xa/form2 cdda tray
Nov 23 23:11:38 cse520linux kernel: [    1.807856] cdrom: Uniform CD-ROM driver Revision: 3.20
Nov 23 23:11:38 cse520linux kernel: [    1.860580]  sda: sda1 sda2 sda3 < sda5 sda6 >
Nov 23 23:11:38 cse520linux kernel: [    1.861182] sd 2:0:0:0: [sda] Attached SCSI disk
Nov 23 23:11:38 cse520linux kernel: [    1.864035] sr 0:0:0:0: Attached scsi generic sg0 type 5
Nov 23 23:11:38 cse520linux kernel: [    1.864107] sd 2:0:0:0: Attached scsi generic sg1 type 0
Nov 23 23:11:38 cse520linux kernel: [    1.880029] usb 3-1: new full-speed USB device number 2 using uhci_hcd
Nov 23 23:11:38 cse520linux kernel: [    2.078939] usb 3-1: New USB device found, idVendor=2a03, idProduct=0043
Nov 23 23:11:38 cse520linux kernel: [    2.078944] usb 3-1: New USB device strings: Mfr=1, Product=2, SerialNumber=220
Nov 23 23:11:38 cse520linux kernel: [    2.078948] usb 3-1: Product: Arduino Uno
Nov 23 23:11:38 cse520linux kernel: [    2.078951] usb 3-1: Manufacturer: Arduino Srl            
Nov 23 23:11:38 cse520linux kernel: [    2.078954] usb 3-1: SerialNumber: 554313039373513090C0
Nov 23 23:11:38 cse520linux kernel: [    8.024635] PM: Starting manual resume from disk
Nov 23 23:11:38 cse520linux kernel: [    8.071242] EXT4-fs (sda5): mounted filesystem with ordered data mode. Opts: (null)
Nov 23 23:11:38 cse520linux kernel: [   10.628977] input: Power Button as /devices/LNXSYSTM:00/LNXSYBUS:00/PNP0C0C:00/input/input1
Nov 23 23:11:38 cse520linux kernel: [   10.628988] ACPI: Power Button [PWRB]
Nov 23 23:11:38 cse520linux kernel: [   10.629088] input: Lid Switch as /devices/LNXSYSTM:00/LNXSYBUS:00/PNP0C0D:00/input/input2
Nov 23 23:11:38 cse520linux kernel: [   10.629143] ACPI: Lid Switch [LID0]
Nov 23 23:11:38 cse520linux kernel: [   10.629223] input: Sleep Button as /devices/LNXSYSTM:00/LNXSYBUS:00/PNP0C0E:00/input/input3
Nov 23 23:11:38 cse520linux kernel: [   10.629231] ACPI: Sleep Button [SLPB]
Nov 23 23:11:38 cse520linux kernel: [   10.629343] input: Power Button as /devices/LNXSYSTM:00/LNXPWRBN:00/input/input4
Nov 23 23:11:38 cse520linux kernel: [   10.629349] ACPI: Power Button [PWRF]
Nov 23 23:11:38 cse520linux kernel: [   10.647554] wmi: Mapper loaded
Nov 23 23:11:38 cse520linux kernel: [   10.916089] ACPI: Battery Slot [BAT0] (battery present)
Nov 23 23:11:38 cse520linux kernel: [   11.072105] ACPI: AC Adapter [AC] (on-line)
Nov 23 23:11:38 cse520linux kernel: [   11.139114] iTCO_vendor_support: vendor-support=0
Nov 23 23:11:38 cse520linux kernel: [   11.308873] iTCO_wdt: Intel TCO WatchDog Timer Driver v1.07
Nov 23 23:11:38 cse520linux kernel: [   11.308992] iTCO_wdt: Found a ICH8M TCO device (Version=2, TCOBASE=0x0460)
Nov 23 23:11:38 cse520linux kernel: [   11.309388] iTCO_wdt: initialized. heartbeat=30 sec (nowayout=0)
Nov 23 23:11:38 cse520linux kernel: [   11.367595] cfg80211: Calling CRDA to update world regulatory domain
Nov 23 23:11:38 cse520linux kernel: [   11.483384] [drm] Initialized drm 1.1.0 20060810
Nov 23 23:11:38 cse520linux kernel: [   11.779779] input: HP WMI hotkeys as /devices/virtual/input/input5
Nov 23 23:11:38 cse520linux kernel: [   11.870121] input: PS/2 Mouse as /devices/platform/i8042/serio1/input/input6
Nov 23 23:11:38 cse520linux kernel: [   11.885869] ath5k 0000:01:00.0: registered as 'phy0'
Nov 23 23:11:38 cse520linux kernel: [   11.905542] input: AlpsPS/2 ALPS GlidePoint as /devices/platform/i8042/serio1/input/input7
Nov 23 23:11:38 cse520linux kernel: [   11.910485] [drm] Supports vblank timestamp caching Rev 1 (10.10.2010).
Nov 23 23:11:38 cse520linux kernel: [   11.910490] [drm] Driver supports precise vblank timestamp query.
Nov 23 23:11:38 cse520linux kernel: [   11.910548] vgaarb: device changed decodes: PCI:0000:00:02.0,olddecodes=io+mem,decodes=io+mem:owns=io+mem
Nov 23 23:11:38 cse520linux kernel: [   11.944138] fixme: max PWM is zero.
Nov 23 23:11:38 cse520linux kernel: [   11.982463] cdc_acm 3-1:1.0: ttyACM0: USB ACM device
Nov 23 23:11:38 cse520linux kernel: [   11.985050] usbcore: registered new interface driver cdc_acm
Nov 23 23:11:38 cse520linux kernel: [   11.985054] cdc_acm: USB Abstract Control Model driver for USB modems and ISDN adapters
Nov 23 23:11:38 cse520linux kernel: [   12.214362] [drm] initialized overlay support
Nov 23 23:11:38 cse520linux kernel: [   12.381041] fbcon: inteldrmfb (fb0) is primary device
Nov 23 23:11:38 cse520linux kernel: [   12.427691] ath5k phy0: Atheros AR2425 chip found (MAC: 0xe2, PHY: 0x70)
Nov 23 23:11:38 cse520linux kernel: [   12.624711] Console: switching to colour frame buffer device 160x50
Nov 23 23:11:38 cse520linux kernel: [   12.629285] fb0: inteldrmfb frame buffer device
Nov 23 23:11:38 cse520linux kernel: [   12.629288] drm: registered panic notifier
Nov 23 23:11:38 cse520linux kernel: [   12.629313] [Firmware Bug]: ACPI: No _BQC method, cannot determine initial brightness
Nov 23 23:11:38 cse520linux kernel: [   12.630434] [Firmware Bug]: ACPI: No _BQC method, cannot determine initial brightness
Nov 23 23:11:38 cse520linux kernel: [   12.640807] acpi device:15: registered as cooling_device0
Nov 23 23:11:38 cse520linux kernel: [   12.641009] input: Video Bus as /devices/LNXSYSTM:00/LNXSYBUS:00/PNP0A08:00/LNXVIDEO:00/input/input8
Nov 23 23:11:38 cse520linux kernel: [   12.641078] ACPI: Video Device [OVGA] (multi-head: yes  rom: no  post: no)
Nov 23 23:11:38 cse520linux kernel: [   12.641116] [drm] Initialized i915 1.6.0 20080730 for 0000:00:02.0 on minor 0
Nov 23 23:11:38 cse520linux kernel: [   12.921848] cfg80211: World regulatory domain updated:
Nov 23 23:11:38 cse520linux kernel: [   12.921854] cfg80211:   (start_freq - end_freq @ bandwidth), (max_antenna_gain, max_eirp)
Nov 23 23:11:38 cse520linux kernel: [   12.921858] cfg80211:   (2402000 KHz - 2472000 KHz @ 40000 KHz), (N/A, 2000 mBm)
Nov 23 23:11:38 cse520linux kernel: [   12.921862] cfg80211:   (2457000 KHz - 2482000 KHz @ 40000 KHz), (N/A, 2000 mBm)
Nov 23 23:11:38 cse520linux kernel: [   12.921866] cfg80211:   (2474000 KHz - 2494000 KHz @ 20000 KHz), (N/A, 2000 mBm)
Nov 23 23:11:38 cse520linux kernel: [   12.921869] cfg80211:   (5170000 KHz - 5250000 KHz @ 80000 KHz), (N/A, 2000 mBm)
Nov 23 23:11:38 cse520linux kernel: [   12.921872] cfg80211:   (5250000 KHz - 5330000 KHz @ 80000 KHz), (N/A, 2000 mBm)
Nov 23 23:11:38 cse520linux kernel: [   12.921876] cfg80211:   (5490000 KHz - 5730000 KHz @ 160000 KHz), (N/A, 2000 mBm)
Nov 23 23:11:38 cse520linux kernel: [   12.921879] cfg80211:   (5735000 KHz - 5835000 KHz @ 80000 KHz), (N/A, 2000 mBm)
Nov 23 23:11:38 cse520linux kernel: [   12.921883] cfg80211:   (57240000 KHz - 63720000 KHz @ 2160000 KHz), (N/A, 0 mBm)
Nov 23 23:11:38 cse520linux kernel: [   13.054072] input: HDA Digital PCBeep as /devices/pci0000:00/0000:00:1b.0/input/input9
Nov 23 23:11:38 cse520linux kernel: [   15.041467] Adding 2028540k swap on /dev/sda6.  Priority:-1 extents:1 across:2028540k 
Nov 23 23:11:38 cse520linux kernel: [   15.062759] EXT4-fs (sda5): re-mounted. Opts: (null)
Nov 23 23:11:38 cse520linux kernel: [   15.326284] EXT4-fs (sda5): re-mounted. Opts: errors=remount-ro
Nov 23 23:11:38 cse520linux kernel: [   15.480307] loop: module loaded
Nov 23 23:11:38 cse520linux kernel: [   17.019244] RPC: Registered named UNIX socket transport module.
Nov 23 23:11:38 cse520linux kernel: [   17.019249] RPC: Registered udp transport module.
Nov 23 23:11:38 cse520linux kernel: [   17.019252] RPC: Registered tcp transport module.
Nov 23 23:11:38 cse520linux kernel: [   17.019254] RPC: Registered tcp NFSv4.1 backchannel transport module.
Nov 23 23:11:38 cse520linux kernel: [   17.058034] FS-Cache: Loaded
Nov 23 23:11:38 cse520linux kernel: [   17.111696] NFS: Registering the id_resolver key type
Nov 23 23:11:38 cse520linux kernel: [   17.111735] FS-Cache: Netfs 'nfs' registered for caching
Nov 23 23:11:38 cse520linux kernel: [   17.118418] Installing knfsd (copyright (C) 1996 okir@monad.swb.de).
Nov 23 23:11:39 cse520linux kernel: [   19.454229] input: ACPI Virtual Keyboard Device as /devices/virtual/input/input10
Nov 23 23:11:40 cse520linux kernel: [   20.186660] Bluetooth: Core ver 2.16
Nov 23 23:11:40 cse520linux kernel: [   20.186692] NET: Registered protocol family 31
Nov 23 23:11:40 cse520linux kernel: [   20.186695] Bluetooth: HCI device and connection manager initialized
Nov 23 23:11:40 cse520linux kernel: [   20.186700] Bluetooth: HCI socket layer initialized
Nov 23 23:11:40 cse520linux kernel: [   20.186703] Bluetooth: L2CAP socket layer initialized
Nov 23 23:11:40 cse520linux kernel: [   20.186712] Bluetooth: SCO socket layer initialized
Nov 23 23:11:40 cse520linux kernel: [   20.223911] Bluetooth: RFCOMM TTY layer initialized
Nov 23 23:11:40 cse520linux kernel: [   20.223919] Bluetooth: RFCOMM socket layer initialized
Nov 23 23:11:40 cse520linux kernel: [   20.223923] Bluetooth: RFCOMM ver 1.11
Nov 23 23:11:40 cse520linux kernel: [   20.296900] Bluetooth: BNEP (Ethernet Emulation) ver 1.3
Nov 23 23:11:40 cse520linux kernel: [   20.296905] Bluetooth: BNEP filters: protocol multicast
Nov 23 23:11:41 cse520linux kernel: [   21.046534] lp: driver loaded but no devices found
Nov 23 23:11:41 cse520linux kernel: [   21.256670] ppdev: user-space parallel port driver
Nov 23 23:11:43 cse520linux kernel: [   23.661406] ADDRCONF(NETDEV_UP): wlan0: link is not ready
Nov 23 23:11:43 cse520linux kernel: [   23.668702] 8139too 0000:02:01.0: eth0: link down
Nov 23 23:11:43 cse520linux kernel: [   23.668918] ADDRCONF(NETDEV_UP): eth0: link is not ready
Nov 23 23:12:04 cse520linux kernel: [   43.979370] ADDRCONF(NETDEV_CHANGE): wlan0: link becomes ready
Nov 23 23:12:04 cse520linux kernel: [   43.979446] cfg80211: Calling CRDA for country: US
Nov 23 23:12:04 cse520linux kernel: [   43.986285] cfg80211: Regulatory domain changed to country: US
Nov 23 23:12:04 cse520linux kernel: [   43.986288] cfg80211:   (start_freq - end_freq @ bandwidth), (max_antenna_gain, max_eirp)
Nov 23 23:12:04 cse520linux kernel: [   43.986291] cfg80211:   (2402000 KHz - 2472000 KHz @ 40000 KHz), (N/A, 3000 mBm)
Nov 23 23:12:04 cse520linux kernel: [   43.986295] cfg80211:   (5170000 KHz - 5250000 KHz @ 80000 KHz), (N/A, 1700 mBm)
Nov 23 23:12:04 cse520linux kernel: [   43.986299] cfg80211:   (5250000 KHz - 5330000 KHz @ 80000 KHz), (N/A, 2300 mBm)
Nov 23 23:12:04 cse520linux kernel: [   43.986302] cfg80211:   (5735000 KHz - 5835000 KHz @ 80000 KHz), (N/A, 3000 mBm)
Nov 23 23:12:04 cse520linux kernel: [   43.986306] cfg80211:   (57240000 KHz - 63720000 KHz @ 2160000 KHz), (N/A, 4000 mBm)
Nov 23 23:13:15 cse520linux kernel: [  115.186800] customCommunication: module license 'unspecified' taints kernel.
Nov 23 23:13:15 cse520linux kernel: [  115.186806] Disabling lock debugging due to kernel taint
Nov 23 23:13:15 cse520linux kernel: [  115.186937] customCommunication: Unknown symbol rtapi_prio_next_higher (err 0)
Nov 23 23:13:15 cse520linux kernel: [  115.186958] customCommunication: Unknown symbol rtapi_print (err 0)
Nov 23 23:13:15 cse520linux kernel: [  115.186978] customCommunication: Unknown symbol rtapi_wait (err 0)
Nov 23 23:13:15 cse520linux kernel: [  115.186998] customCommunication: Unknown symbol rtapi_task_delete (err 0)
Nov 23 23:13:15 cse520linux kernel: [  115.187017] customCommunication: Unknown symbol rtapi_task_pause (err 0)
Nov 23 23:13:15 cse520linux kernel: [  115.187037] customCommunication: Unknown symbol rtapi_exit (err 0)
Nov 23 23:13:15 cse520linux kernel: [  115.187057] customCommunication: Unknown symbol rtapi_init (err 0)
Nov 23 23:13:15 cse520linux kernel: [  115.187076] customCommunication: Unknown symbol rtapi_clock_set_period (err 0)
Nov 23 23:13:15 cse520linux kernel: [  115.187096] customCommunication: Unknown symbol rtapi_task_new (err 0)
Nov 23 23:13:15 cse520linux kernel: [  115.187116] customCommunication: Unknown symbol rtapi_delay_max (err 0)
Nov 23 23:13:15 cse520linux kernel: [  115.187135] customCommunication: Unknown symbol rtapi_task_start (err 0)
Nov 23 23:13:15 cse520linux kernel: [  115.187155] customCommunication: Unknown symbol rtapi_prio_lowest (err 0)
Nov 23 23:13:24 cse520linux kernel: [  123.835744] I-pipe: head domain RTAI registered.
Nov 23 23:13:24 cse520linux kernel: [  123.835753] RTAI[hal]: compiled with gcc version 4.7.2 (Debian 4.7.2-5) .
Nov 23 23:13:24 cse520linux kernel: [  123.835859] RTAI[hal]: mounted (IPIPE-NOTHREADS, IMMEDIATE (INTERNAL IRQs DISPATCHED), ISOL_CPUS_MASK: 0).
Nov 23 23:13:24 cse520linux kernel: [  123.835864] SYSINFO: CPUs 2, LINUX APIC IRQ 2312, TIM_FREQ 8311880, CLK_FREQ 1729011000, CPU_FREQ 1729011000
Nov 23 23:13:24 cse520linux kernel: [  123.835868] RTAI_APIC_TIMER_IPI: RTAI DEFINED 2314, VECTOR 2314; LINUX_APIC_TIMER_IPI: RTAI DEFINED 2312, VECTOR 2312
Nov 23 23:13:24 cse520linux kernel: [  123.835888] TIMER NAME: lapic; VARIOUSLY FOUND APIC FREQs: 8311880, 8311880, 4082000
Nov 23 23:13:24 cse520linux kernel: [  123.919959] RTAI[malloc]: global heap size = 2097152 bytes, <BSD>.
Nov 23 23:13:24 cse520linux kernel: [  123.920054] , <uses LINUX SYSCALLs>, kstacks pool size = 524288 bytes.
Nov 23 23:13:24 cse520linux kernel: [  123.920061] RTAI[sched]: hard timer type/freq = APIC/8311880(Hz); default timing: oneshot; linear timed lists.
Nov 23 23:13:24 cse520linux kernel: [  123.920066] RTAI[sched]: Linux timer freq = 250 (Hz), TimeBase freq = 1729011000 hz.
Nov 23 23:13:24 cse520linux kernel: [  123.920069] RTAI[sched]: timer setup = 999 ns, resched latency = 2943 ns.
Nov 23 23:13:24 cse520linux kernel: [  123.948144] RTAI[math]: loaded.
Nov 23 23:13:27 cse520linux kernel: [  127.401111] timertask init: starting timer with period 1000000
Nov 23 23:13:27 cse520linux kernel: [  127.404008] timertask init: desired clock 1000000, actual 999774
Nov 23 23:13:27 cse520linux kernel: [  127.404008] timertask init: started timer task
Nov 23 23:13:27 cse520linux kernel: [  127.404008] timertask init: max delay = 249943
Nov 23 23:13:27 cse520linux kernel: [  127.407137] Hello
Nov 23 23:13:27 cse520linux kernel: [  127.408127] Hello
Nov 23 23:13:27 cse520linux kernel: [  127.409134] Hello
Nov 23 23:13:27 cse520linux kernel: [  127.410133] Hello
Nov 23 23:13:27 cse520linux kernel: [  127.411128] Hello
Nov 23 23:13:27 cse520linux kernel: [  127.412128] Hello
Nov 23 23:13:27 cse520linux kernel: [  127.413128] Hello
Nov 23 23:13:27 cse520linux kernel: [  127.414127] Hello
Nov 23 23:13:27 cse520linux kernel: [  127.415126] Hello
Nov 23 23:13:27 cse520linux kernel: [  127.416126] Hello
Nov 23 23:13:27 cse520linux kernel: [  127.417130] Hello
Nov 23 23:13:27 cse520linux kernel: [  127.418126] Hello
Nov 23 23:13:27 cse520linux kernel: [  127.419125] Hello
Nov 23 23:13:27 cse520linux kernel: [  127.420127] Hello
Nov 23 23:13:27 cse520linux kernel: [  127.421125] Hello
Nov 23 23:13:27 cse520linux kernel: [  127.422125] Hello
Nov 23 23:13:27 cse520linux kernel: [  127.423124] Hello
Nov 23 23:13:27 cse520linux kernel: [  127.424132] Hello
Nov 23 23:13:27 cse520linux kernel: [  127.425136] Hello
Nov 23 23:13:27 cse520linux kernel: [  127.426129] Hello
Nov 23 23:13:27 cse520linux kernel: [  127.427125] Hello
Nov 23 23:13:27 cse520linux kernel: [  127.428129] Hello
Nov 23 23:13:27 cse520linux kernel: [  127.429126] Hello
Nov 23 23:13:27 cse520linux kernel: [  127.430123] Hello
Nov 23 23:13:27 cse520linux kernel: [  127.431121] Hello
Nov 23 23:13:27 cse520linux kernel: [  127.432121] Hello
Nov 23 23:13:27 cse520linux kernel: [  127.433124] Hello
Nov 23 23:13:27 cse520linux kernel: [  127.434126] Hello
Nov 23 23:13:27 cse520linux kernel: [  127.435124] Hello
Nov 23 23:13:27 cse520linux kernel: [  127.436142] Hello
Nov 23 23:13:27 cse520linux kernel: [  127.437128] Hello
Nov 23 23:13:27 cse520linux kernel: [  127.438124] Hello
Nov 23 23:13:27 cse520linux kernel: [  127.439119] Hello
Nov 23 23:13:27 cse520linux kernel: [  127.440119] Hello
Nov 23 23:13:27 cse520linux kernel: [  127.441123] Hello
Nov 23 23:13:27 cse520linux kernel: [  127.442118] Hello
Nov 23 23:13:27 cse520linux kernel: [  127.443118] Hello
Nov 23 23:13:27 cse520linux kernel: [  127.444119] Hello
Nov 23 23:13:27 cse520linux kernel: [  127.445117] Hello
Nov 23 23:13:27 cse520linux kernel: [  127.446117] Hello
Nov 23 23:13:27 cse520linux kernel: [  127.447117] Hello
Nov 23 23:13:27 cse520linux kernel: [  127.448117] Hello
Nov 23 23:13:27 cse520linux kernel: [  127.449116] Hello
Nov 23 23:13:27 cse520linux kernel: [  127.450116] Hello
Nov 23 23:13:27 cse520linux kernel: [  127.451116] Hello
Nov 23 23:13:27 cse520linux kernel: [  127.452116] Hello
Nov 23 23:13:27 cse520linux kernel: [  127.453115] Hello
Nov 23 23:13:27 cse520linux kernel: [  127.454115] Hello
Nov 23 23:13:27 cse520linux kernel: [  127.455114] Hello
Nov 23 23:13:27 cse520linux kernel: [  127.456114] Hello
Nov 23 23:13:27 cse520linux kernel: [  127.457115] Hello
Nov 23 23:13:27 cse520linux kernel: [  127.458123] Hello
Nov 23 23:13:27 cse520linux kernel: [  127.459118] Hello
Nov 23 23:13:27 cse520linux kernel: [  127.460117] Hello
Nov 23 23:13:27 cse520linux kernel: [  127.461119] Hello
Nov 23 23:13:27 cse520linux kernel: [  127.462118] Hello
Nov 23 23:13:27 cse520linux kernel: [  127.463112] Hello
Nov 23 23:13:27 cse520linux kernel: [  127.464112] Hello
Nov 23 23:13:27 cse520linux kernel: [  127.465116] Hello
Nov 23 23:13:27 cse520linux kernel: [  127.466111] Hello
Nov 23 23:13:27 cse520linux kernel: [  127.467111] Hello
Nov 23 23:13:27 cse520linux kernel: [  127.468112] Hello
Nov 23 23:13:27 cse520linux kernel: [  127.469110] Hello
Nov 23 23:13:27 cse520linux kernel: [  127.470110] Hello
Nov 23 23:13:27 cse520linux kernel: [  127.471110] Hello
Nov 23 23:13:27 cse520linux kernel: [  127.472110] Hello
Nov 23 23:13:27 cse520linux kernel: [  127.473109] Hello
Nov 23 23:13:27 cse520linux kernel: [  127.474109] Hello
Nov 23 23:13:27 cse520linux kernel: [  127.475108] Hello
Nov 23 23:13:27 cse520linux kernel: [  127.476109] Hello
Nov 23 23:13:27 cse520linux kernel: [  127.477109] Hello
Nov 23 23:13:27 cse520linux kernel: [  127.478107] Hello
Nov 23 23:13:27 cse520linux kernel: [  127.479107] Hello
Nov 23 23:13:27 cse520linux kernel: [  127.480107] Hello
Nov 23 23:13:27 cse520linux kernel: [  127.481112] Hello
Nov 23 23:13:27 cse520linux kernel: [  127.482106] Hello
Nov 23 23:13:27 cse520linux kernel: [  127.483106] Hello
Nov 23 23:13:27 cse520linux kernel: [  127.484107] Hello
Nov 23 23:13:27 cse520linux kernel: [  127.485106] Hello
Nov 23 23:13:27 cse520linux kernel: [  127.486105] Hello
Nov 23 23:13:27 cse520linux kernel: [  127.487105] Hello
Nov 23 23:13:27 cse520linux kernel: [  127.488109] Hello
Nov 23 23:13:27 cse520linux kernel: [  127.489112] Hello
Nov 23 23:13:27 cse520linux kernel: [  127.490108] Hello
Nov 23 23:13:27 cse520linux kernel: [  127.491108] Hello
Nov 23 23:13:27 cse520linux kernel: [  127.492103] Hello
Nov 23 23:13:27 cse520linux kernel: [  127.493108] Hello
Nov 23 23:13:27 cse520linux kernel: [  127.494103] Hello
Nov 23 23:13:27 cse520linux kernel: [  127.495102] Hello
Nov 23 23:13:27 cse520linux kernel: [  127.496104] Hello
Nov 23 23:13:27 cse520linux kernel: [  127.497102] Hello
Nov 23 23:13:27 cse520linux kernel: [  127.498101] Hello
Nov 23 23:13:27 cse520linux kernel: [  127.499101] Hello
Nov 23 23:13:27 cse520linux kernel: [  127.500102] Hello
Nov 23 23:13:27 cse520linux kernel: [  127.501101] Hello
Nov 23 23:13:27 cse520linux kernel: [  127.502100] Hello
Nov 23 23:13:27 cse520linux kernel: [  127.503100] Hello
Nov 23 23:13:27 cse520linux kernel: [  127.504101] Hello
Nov 23 23:13:27 cse520linux kernel: [  127.505104] Hello
Nov 23 23:13:27 cse520linux kernel: [  127.506099] Hello
Nov 23 23:13:27 cse520linux kernel: [  127.507099] Hello
Nov 23 23:13:27 cse520linux kernel: [  127.508100] Hello
Nov 23 23:13:27 cse520linux kernel: [  127.509098] Hello
Nov 23 23:13:27 cse520linux kernel: [  127.510098] Hello
Nov 23 23:13:27 cse520linux kernel: [  127.511098] Hello
Nov 23 23:13:27 cse520linux kernel: [  127.512098] Hello
Nov 23 23:13:27 cse520linux kernel: [  127.513097] Hello
Nov 23 23:13:27 cse520linux kernel: [  127.514097] Hello
Nov 23 23:13:27 cse520linux kernel: [  127.515096] Hello
Nov 23 23:13:27 cse520linux kernel: [  127.516096] Hello
Nov 23 23:13:27 cse520linux kernel: [  127.517096] Hello
Nov 23 23:13:27 cse520linux kernel: [  127.518096] Hello
Nov 23 23:13:27 cse520linux kernel: [  127.519095] Hello
Nov 23 23:13:27 cse520linux kernel: [  127.520105] Hello
Nov 23 23:13:27 cse520linux kernel: [  127.521102] Hello
Nov 23 23:13:27 cse520linux kernel: [  127.522097] Hello
Nov 23 23:13:27 cse520linux kernel: [  127.523094] Hello
Nov 23 23:13:27 cse520linux kernel: [  127.524094] Hello
Nov 23 23:13:27 cse520linux kernel: [  127.525098] Hello
Nov 23 23:13:27 cse520linux kernel: [  127.526093] Hello
Nov 23 23:13:27 cse520linux kernel: [  127.527093] Hello
Nov 23 23:13:27 cse520linux kernel: [  127.528094] Hello
Nov 23 23:13:27 cse520linux kernel: [  127.529092] Hello
Nov 23 23:13:27 cse520linux kernel: [  127.530092] Hello
Nov 23 23:13:27 cse520linux kernel: [  127.531092] Hello
Nov 23 23:13:27 cse520linux kernel: [  127.532092] Hello
Nov 23 23:13:27 cse520linux kernel: [  127.533091] Hello
Nov 23 23:13:27 cse520linux kernel: [  127.534091] Hello
Nov 23 23:13:27 cse520linux kernel: [  127.535090] Hello
Nov 23 23:13:27 cse520linux kernel: [  127.536091] Hello
Nov 23 23:13:27 cse520linux kernel: [  127.537090] Hello
Nov 23 23:13:27 cse520linux kernel: [  127.538089] Hello
Nov 23 23:13:27 cse520linux kernel: [  127.539089] Hello
Nov 23 23:13:27 cse520linux kernel: [  127.540090] Hello
Nov 23 23:13:27 cse520linux kernel: [  127.541090] Hello
Nov 23 23:13:27 cse520linux kernel: [  127.542088] Hello
Nov 23 23:13:27 cse520linux kernel: [  127.543088] Hello
Nov 23 23:13:27 cse520linux kernel: [  127.544087] Hello
Nov 23 23:13:27 cse520linux kernel: [  127.545092] Hello
Nov 23 23:13:27 cse520linux kernel: [  127.546087] Hello
Nov 23 23:13:27 cse520linux kernel: [  127.547087] Hello
Nov 23 23:13:27 cse520linux kernel: [  127.548087] Hello
Nov 23 23:13:27 cse520linux kernel: [  127.549086] Hello
Nov 23 23:13:27 cse520linux kernel: [  127.550087] Hello
Nov 23 23:13:27 cse520linux kernel: [  127.551093] Hello
Nov 23 23:13:27 cse520linux kernel: [  127.552089] Hello
Nov 23 23:13:27 cse520linux kernel: [  127.553093] Hello
Nov 23 23:13:27 cse520linux kernel: [  127.554085] Hello
Nov 23 23:13:27 cse520linux kernel: [  127.555084] Hello
Nov 23 23:13:27 cse520linux kernel: [  127.556086] Hello
Nov 23 23:13:27 cse520linux kernel: [  127.557084] Hello
Nov 23 23:13:27 cse520linux kernel: [  127.558083] Hello
Nov 23 23:13:27 cse520linux kernel: [  127.559083] Hello
Nov 23 23:13:27 cse520linux kernel: [  127.560084] Hello
Nov 23 23:13:27 cse520linux kernel: [  127.561083] Hello
Nov 23 23:13:27 cse520linux kernel: [  127.562082] Hello
Nov 23 23:13:27 cse520linux kernel: [  127.563082] Hello
Nov 23 23:13:27 cse520linux kernel: [  127.564082] Hello
Nov 23 23:13:27 cse520linux kernel: [  127.565081] Hello
Nov 23 23:13:27 cse520linux kernel: [  127.566081] Hello
Nov 23 23:13:27 cse520linux kernel: [  127.567081] Hello
Nov 23 23:13:27 cse520linux kernel: [  127.568081] Hello
Nov 23 23:13:27 cse520linux kernel: [  127.569080] Hello
Nov 23 23:13:27 cse520linux kernel: [  127.570080] Hello
Nov 23 23:13:27 cse520linux kernel: [  127.571080] Hello
Nov 23 23:13:27 cse520linux kernel: [  127.572080] Hello
Nov 23 23:13:27 cse520linux kernel: [  127.573079] Hello
Nov 23 23:13:27 cse520linux kernel: [  127.574079] Hello
Nov 23 23:13:27 cse520linux kernel: [  127.575078] Hello
Nov 23 23:13:27 cse520linux kernel: [  127.576079] Hello
Nov 23 23:13:27 cse520linux kernel: [  127.577078] Hello
Nov 23 23:13:27 cse520linux kernel: [  127.578077] Hello
Nov 23 23:13:27 cse520linux kernel: [  127.579077] Hello
Nov 23 23:13:27 cse520linux kernel: [  127.580080] Hello
Nov 23 23:13:27 cse520linux kernel: [  127.581084] Hello
Nov 23 23:13:27 cse520linux kernel: [  127.582080] Hello
Nov 23 23:13:27 cse520linux kernel: [  127.583082] Hello
Nov 23 23:13:27 cse520linux kernel: [  127.584076] Hello
Nov 23 23:13:27 cse520linux kernel: [  127.585082] Hello
Nov 23 23:13:27 cse520linux kernel: [  127.586075] Hello
Nov 23 23:13:27 cse520linux kernel: [  127.587075] Hello
Nov 23 23:13:27 cse520linux kernel: [  127.588076] Hello
Nov 23 23:13:27 cse520linux kernel: [  127.589074] Hello
Nov 23 23:13:27 cse520linux kernel: [  127.590074] Hello
Nov 23 23:13:27 cse520linux kernel: [  127.591074] Hello
Nov 23 23:13:27 cse520linux kernel: [  127.592074] Hello
Nov 23 23:13:27 cse520linux kernel: [  127.593073] Hello
Nov 23 23:13:27 cse520linux kernel: [  127.594073] Hello
Nov 23 23:13:27 cse520linux kernel: [  127.595072] Hello
Nov 23 23:13:27 cse520linux kernel: [  127.596073] Hello
Nov 23 23:13:27 cse520linux kernel: [  127.597077] Hello
Nov 23 23:13:27 cse520linux kernel: [  127.598072] Hello
Nov 23 23:13:27 cse520linux kernel: [  127.599071] Hello
Nov 23 23:13:27 cse520linux kernel: [  127.600072] Hello
Nov 23 23:13:27 cse520linux kernel: [  127.601071] Hello
Nov 23 23:13:27 cse520linux kernel: [  127.602070] Hello
Nov 23 23:13:27 cse520linux kernel: [  127.603070] Hello
Nov 23 23:13:27 cse520linux kernel: [  127.604070] Hello
Nov 23 23:13:27 cse520linux kernel: [  127.605069] Hello
Nov 23 23:13:27 cse520linux kernel: [  127.606069] Hello
Nov 23 23:13:27 cse520linux kernel: [  127.607069] Hello
Nov 23 23:13:27 cse520linux kernel: [  127.608069] Hello
Nov 23 23:13:27 cse520linux kernel: [  127.609068] Hello
Nov 23 23:13:27 cse520linux kernel: [  127.610068] Hello
Nov 23 23:13:27 cse520linux kernel: [  127.611067] Hello
Nov 23 23:13:27 cse520linux kernel: [  127.612071] Hello
Nov 23 23:13:27 cse520linux kernel: [  127.613075] Hello
Nov 23 23:13:27 cse520linux kernel: [  127.614070] Hello
Nov 23 23:13:27 cse520linux kernel: [  127.615071] Hello
Nov 23 23:13:27 cse520linux kernel: [  127.616066] Hello
Nov 23 23:13:27 cse520linux kernel: [  127.617072] Hello
Nov 23 23:13:27 cse520linux kernel: [  127.618066] Hello
Nov 23 23:13:27 cse520linux kernel: [  127.619065] Hello
Nov 23 23:13:27 cse520linux kernel: [  127.620066] Hello
Nov 23 23:13:27 cse520linux kernel: [  127.621066] Hello
Nov 23 23:13:27 cse520linux kernel: [  127.622064] Hello
Nov 23 23:13:27 cse520linux kernel: [  127.623064] Hello
Nov 23 23:13:27 cse520linux kernel: [  127.624063] Hello
Nov 23 23:13:27 cse520linux kernel: [  127.625068] Hello
Nov 23 23:13:27 cse520linux kernel: [  127.626063] Hello
Nov 23 23:13:27 cse520linux kernel: [  127.627063] Hello
Nov 23 23:13:27 cse520linux kernel: [  127.628064] Hello
Nov 23 23:13:27 cse520linux kernel: [  127.629062] Hello
Nov 23 23:13:27 cse520linux kernel: [  127.630062] Hello
Nov 23 23:13:27 cse520linux kernel: [  127.631061] Hello
Nov 23 23:13:27 cse520linux kernel: [  127.632062] Hello
Nov 23 23:13:27 cse520linux kernel: [  127.633061] Hello
Nov 23 23:13:27 cse520linux kernel: [  127.634061] Hello
Nov 23 23:13:27 cse520linux kernel: [  127.635060] Hello
Nov 23 23:13:27 cse520linux kernel: [  127.636061] Hello
Nov 23 23:13:27 cse520linux kernel: [  127.637060] Hello
Nov 23 23:13:27 cse520linux kernel: [  127.638059] Hello
Nov 23 23:13:27 cse520linux kernel: [  127.639059] Hello
Nov 23 23:13:27 cse520linux kernel: [  127.640059] Hello
Nov 23 23:13:27 cse520linux kernel: [  127.641059] Hello
Nov 23 23:13:27 cse520linux kernel: [  127.642059] Hello
Nov 23 23:13:27 cse520linux kernel: [  127.643058] Hello
Nov 23 23:13:27 cse520linux kernel: [  127.644068] Hello
Nov 23 23:13:27 cse520linux kernel: [  127.645064] Hello
Nov 23 23:13:27 cse520linux kernel: [  127.646062] Hello
Nov 23 23:13:27 cse520linux kernel: [  127.647057] Hello
Nov 23 23:13:27 cse520linux kernel: [  127.648056] Hello
Nov 23 23:13:27 cse520linux kernel: [  127.649061] Hello
Nov 23 23:13:27 cse520linux kernel: [  127.650056] Hello
Nov 23 23:13:27 cse520linux kernel: [  127.651056] Hello
Nov 23 23:13:27 cse520linux kernel: [  127.652056] Hello
Nov 23 23:13:27 cse520linux kernel: [  127.653055] Hello
Nov 23 23:13:27 cse520linux kernel: [  127.654055] Hello
Nov 23 23:13:27 cse520linux kernel: [  127.655054] Hello
Nov 23 23:13:27 cse520linux kernel: [  127.656055] Hello
Nov 23 23:13:27 cse520linux kernel: [  127.657054] Hello
Nov 23 23:13:27 cse520linux kernel: [  127.658053] Hello
Nov 23 23:13:27 cse520linux kernel: [  127.659053] Hello
Nov 23 23:13:27 cse520linux kernel: [  127.660054] Hello
Nov 23 23:13:27 cse520linux kernel: [  127.661053] Hello
Nov 23 23:13:27 cse520linux kernel: [  127.662052] Hello
Nov 23 23:13:27 cse520linux kernel: [  127.663052] Hello
Nov 23 23:13:27 cse520linux kernel: [  127.664052] Hello
Nov 23 23:13:27 cse520linux kernel: [  127.665051] Hello
Nov 23 23:13:27 cse520linux kernel: [  127.666051] Hello
Nov 23 23:13:27 cse520linux kernel: [  127.667051] Hello
Nov 23 23:13:27 cse520linux kernel: [  127.668051] Hello
Nov 23 23:13:27 cse520linux kernel: [  127.669050] Hello
Nov 23 23:13:27 cse520linux kernel: [  127.670051] Hello
Nov 23 23:13:27 cse520linux kernel: [  127.671049] Hello
Nov 23 23:13:27 cse520linux kernel: [  127.672049] Hello
Nov 23 23:13:27 cse520linux kernel: [  127.673056] Hello
Nov 23 23:13:27 cse520linux kernel: [  127.674049] Hello
Nov 23 23:13:27 cse520linux kernel: [  127.675056] Hello
Nov 23 23:13:27 cse520linux kernel: [  127.676055] Hello
Nov 23 23:13:28 cse520linux kernel: [  127.677052] Hello
Nov 23 23:13:28 cse520linux kernel: [  127.678048] Hello
Nov 23 23:13:28 cse520linux kernel: [  127.679047] Hello
Nov 23 23:13:28 cse520linux kernel: [  127.680048] Hello
Nov 23 23:13:28 cse520linux kernel: [  127.681047] Hello
Nov 23 23:13:28 cse520linux kernel: [  127.682046] Hello
Nov 23 23:13:28 cse520linux kernel: [  127.683046] Hello
Nov 23 23:13:28 cse520linux kernel: [  127.684046] Hello
Nov 23 23:13:28 cse520linux kernel: [  127.685045] Hello
Nov 23 23:13:28 cse520linux kernel: [  127.686045] Hello
Nov 23 23:13:28 cse520linux kernel: [  127.687045] Hello
Nov 23 23:13:28 cse520linux kernel: [  127.688045] Hello
Nov 23 23:13:28 cse520linux kernel: [  127.689044] Hello
Nov 23 23:13:28 cse520linux kernel: [  127.690044] Hello
Nov 23 23:13:28 cse520linux kernel: [  127.691043] Hello
Nov 23 23:13:28 cse520linux kernel: [  127.692044] Hello
Nov 23 23:13:28 cse520linux kernel: [  127.693043] Hello
Nov 23 23:13:28 cse520linux kernel: [  127.694043] Hello
Nov 23 23:13:28 cse520linux kernel: [  127.695042] Hello
Nov 23 23:13:28 cse520linux kernel: [  127.696043] Hello
Nov 23 23:13:28 cse520linux kernel: [  127.697042] Hello
Nov 23 23:13:28 cse520linux kernel: [  127.698041] Hello
Nov 23 23:13:28 cse520linux kernel: [  127.699041] Hello
Nov 23 23:13:28 cse520linux kernel: [  127.700042] Hello
Nov 23 23:13:28 cse520linux kernel: [  127.701041] Hello
Nov 23 23:13:28 cse520linux kernel: [  127.702040] Hello
Nov 23 23:13:28 cse520linux kernel: [  127.703040] Hello
Nov 23 23:13:28 cse520linux kernel: [  127.704042] Hello
Nov 23 23:13:28 cse520linux kernel: [  127.705040] Hello
Nov 23 23:13:28 cse520linux kernel: [  127.706048] Hello
Nov 23 23:13:28 cse520linux kernel: [  127.707045] Hello
Nov 23 23:13:28 cse520linux kernel: [  127.708039] Hello
Nov 23 23:13:28 cse520linux kernel: [  127.709044] Hello
Nov 23 23:13:28 cse520linux kernel: [  127.710038] Hello
Nov 23 23:13:28 cse520linux kernel: [  127.711037] Hello
Nov 23 23:13:28 cse520linux kernel: [  127.712039] Hello
Nov 23 23:13:28 cse520linux kernel: [  127.713038] Hello
Nov 23 23:13:28 cse520linux kernel: [  127.714036] Hello
Nov 23 23:13:28 cse520linux kernel: [  127.715036] Hello
Nov 23 23:13:28 cse520linux kernel: [  127.716036] Hello
Nov 23 23:13:28 cse520linux kernel: [  127.717040] Hello
Nov 23 23:13:28 cse520linux kernel: [  127.718036] Hello
Nov 23 23:13:28 cse520linux kernel: [  127.719035] Hello
Nov 23 23:13:28 cse520linux kernel: [  127.720036] Hello
Nov 23 23:13:28 cse520linux kernel: [  127.721035] Hello
Nov 23 23:13:28 cse520linux kernel: [  127.722034] Hello
Nov 23 23:13:28 cse520linux kernel: [  127.723034] Hello
Nov 23 23:13:28 cse520linux kernel: [  127.724034] Hello
Nov 23 23:13:28 cse520linux kernel: [  127.725033] Hello
Nov 23 23:13:28 cse520linux kernel: [  127.726033] Hello
Nov 23 23:13:28 cse520linux kernel: [  127.727033] Hello
Nov 23 23:13:28 cse520linux kernel: [  127.728033] Hello
Nov 23 23:13:28 cse520linux kernel: [  127.729032] Hello
Nov 23 23:13:28 cse520linux kernel: [  127.730032] Hello
Nov 23 23:13:28 cse520linux kernel: [  127.731032] Hello
Nov 23 23:13:28 cse520linux kernel: [  127.732032] Hello
Nov 23 23:13:28 cse520linux kernel: [  127.733031] Hello
Nov 23 23:13:28 cse520linux kernel: [  127.734031] Hello
Nov 23 23:13:28 cse520linux kernel: [  127.735030] Hello
Nov 23 23:13:28 cse520linux kernel: [  127.736032] Hello
Nov 23 23:13:28 cse520linux kernel: [  127.737037] Hello
Nov 23 23:13:28 cse520linux kernel: [  127.738032] Hello
Nov 23 23:13:28 cse520linux kernel: [  127.739034] Hello
Nov 23 23:13:28 cse520linux kernel: [  127.740029] Hello
Nov 23 23:13:28 cse520linux kernel: [  127.741035] Hello
Nov 23 23:13:28 cse520linux kernel: [  127.742028] Hello
Nov 23 23:13:28 cse520linux kernel: [  127.743028] Hello
Nov 23 23:13:28 cse520linux kernel: [  127.744029] Hello
Nov 23 23:13:28 cse520linux kernel: [  127.745027] Hello
Nov 23 23:13:28 cse520linux kernel: [  127.746027] Hello
Nov 23 23:13:28 cse520linux kernel: [  127.747027] Hello
Nov 23 23:13:28 cse520linux kernel: [  127.748027] Hello
Nov 23 23:13:28 cse520linux kernel: [  127.749026] Hello
Nov 23 23:13:28 cse520linux kernel: [  127.750027] Hello
Nov 23 23:13:28 cse520linux kernel: [  127.751025] Hello
Nov 23 23:13:28 cse520linux kernel: [  127.752025] Hello
Nov 23 23:13:28 cse520linux kernel: [  127.753029] Hello
Nov 23 23:13:28 cse520linux kernel: [  127.754025] Hello
Nov 23 23:13:28 cse520linux kernel: [  127.755024] Hello
Nov 23 23:13:28 cse520linux kernel: [  127.756025] Hello
Nov 23 23:13:28 cse520linux kernel: [  127.757024] Hello
Nov 23 23:13:28 cse520linux kernel: [  127.758023] Hello
Nov 23 23:13:28 cse520linux kernel: [  127.759023] Hello
Nov 23 23:13:28 cse520linux kernel: [  127.760024] Hello
Nov 23 23:13:28 cse520linux kernel: [  127.761023] Hello
Nov 23 23:13:28 cse520linux kernel: [  127.762022] Hello
Nov 23 23:13:28 cse520linux kernel: [  127.763022] Hello
Nov 23 23:13:28 cse520linux kernel: [  127.764022] Hello
Nov 23 23:13:28 cse520linux kernel: [  127.765021] Hello
Nov 23 23:13:28 cse520linux kernel: [  127.766021] Hello
Nov 23 23:13:28 cse520linux kernel: [  127.767021] Hello
Nov 23 23:13:28 cse520linux kernel: [  127.768030] Hello
Nov 23 23:13:28 cse520linux kernel: [  127.769027] Hello
Nov 23 23:13:28 cse520linux kernel: [  127.770025] Hello
Nov 23 23:13:28 cse520linux kernel: [  127.771020] Hello
Nov 23 23:13:28 cse520linux kernel: [  127.772019] Hello
Nov 23 23:13:28 cse520linux kernel: [  127.773023] Hello
Nov 23 23:13:28 cse520linux kernel: [  127.774019] Hello
Nov 23 23:13:28 cse520linux kernel: [  127.775018] Hello
Nov 23 23:13:28 cse520linux kernel: [  127.776019] Hello
Nov 23 23:13:28 cse520linux kernel: [  127.777018] Hello
Nov 23 23:13:28 cse520linux kernel: [  127.778017] Hello
Nov 23 23:13:28 cse520linux kernel: [  127.779017] Hello
Nov 23 23:13:28 cse520linux kernel: [  127.780018] Hello
Nov 23 23:13:28 cse520linux kernel: [  127.781017] Hello
Nov 23 23:13:28 cse520linux kernel: [  127.782016] Hello
Nov 23 23:13:28 cse520linux kernel: [  127.783016] Hello
Nov 23 23:13:28 cse520linux kernel: [  127.784016] Hello
Nov 23 23:13:28 cse520linux kernel: [  127.785015] Hello
Nov 23 23:13:28 cse520linux kernel: [  127.786015] Hello
Nov 23 23:13:28 cse520linux kernel: [  127.787015] Hello
Nov 23 23:13:28 cse520linux kernel: [  127.788015] Hello
Nov 23 23:13:28 cse520linux kernel: [  127.789014] Hello
Nov 23 23:13:28 cse520linux kernel: [  127.790014] Hello
Nov 23 23:13:28 cse520linux kernel: [  127.791013] Hello
Nov 23 23:13:28 cse520linux kernel: [  127.792014] Hello
Nov 23 23:13:28 cse520linux kernel: [  127.793013] Hello
Nov 23 23:13:28 cse520linux kernel: [  127.794013] Hello
Nov 23 23:13:28 cse520linux kernel: [  127.795012] Hello
Nov 23 23:13:28 cse520linux kernel: [  127.796012] Hello
Nov 23 23:13:28 cse520linux kernel: [  127.797013] Hello
Nov 23 23:13:28 cse520linux kernel: [  127.798012] Hello
Nov 23 23:13:28 cse520linux kernel: [  127.799021] Hello
Nov 23 23:13:28 cse520linux kernel: [  127.800016] Hello
Nov 23 23:13:28 cse520linux kernel: [  127.801017] Hello
Nov 23 23:13:28 cse520linux kernel: [  127.802010] Hello
Nov 23 23:13:28 cse520linux kernel: [  127.803010] Hello
Nov 23 23:13:28 cse520linux kernel: [  127.804011] Hello
Nov 23 23:13:28 cse520linux kernel: [  127.805010] Hello
Nov 23 23:13:28 cse520linux kernel: [  127.806009] Hello
Nov 23 23:13:28 cse520linux kernel: [  127.807009] Hello
Nov 23 23:13:28 cse520linux kernel: [  127.808008] Hello
Nov 23 23:13:28 cse520linux kernel: [  127.809013] Hello
Nov 23 23:13:28 cse520linux kernel: [  127.810008] Hello
Nov 23 23:13:28 cse520linux kernel: [  127.811008] Hello
Nov 23 23:13:28 cse520linux kernel: [  127.812008] Hello
Nov 23 23:13:28 cse520linux kernel: [  127.813007] Hello
Nov 23 23:13:28 cse520linux kernel: [  127.814007] Hello
Nov 23 23:13:28 cse520linux kernel: [  127.815006] Hello
Nov 23 23:13:28 cse520linux kernel: [  127.816007] Hello
Nov 23 23:13:28 cse520linux kernel: [  127.817006] Hello
Nov 23 23:13:28 cse520linux kernel: [  127.818005] Hello
Nov 23 23:13:28 cse520linux kernel: [  127.819005] Hello
Nov 23 23:13:28 cse520linux kernel: [  127.820006] Hello
Nov 23 23:13:28 cse520linux kernel: [  127.821004] Hello
Nov 23 23:13:28 cse520linux kernel: [  127.822004] Hello
Nov 23 23:13:28 cse520linux kernel: [  127.823004] Hello
Nov 23 23:13:28 cse520linux kernel: [  127.824004] Hello
Nov 23 23:13:28 cse520linux kernel: [  127.825003] Hello
Nov 23 23:13:28 cse520linux kernel: [  127.826003] Hello
Nov 23 23:13:28 cse520linux kernel: [  127.827003] Hello
Nov 23 23:13:28 cse520linux kernel: [  127.828003] Hello
Nov 23 23:13:28 cse520linux kernel: [  127.829003] Hello
Nov 23 23:13:28 cse520linux kernel: [  127.830010] Hello
Nov 23 23:13:28 cse520linux kernel: [  127.831005] Hello
Nov 23 23:13:28 cse520linux kernel: [  127.832005] Hello
Nov 23 23:13:28 cse520linux kernel: [  127.833007] Hello
Nov 23 23:13:28 cse520linux kernel: [  127.834001] Hello
Nov 23 23:13:28 cse520linux kernel: [  127.835000] Hello
Nov 23 23:13:28 cse520linux kernel: [  127.836000] Hello
Nov 23 23:13:28 cse520linux kernel: [  127.837004] Hello
Nov 23 23:13:28 cse520linux kernel: [  127.837999] Hello
Nov 23 23:13:28 cse520linux kernel: [  127.838999] Hello
Nov 23 23:13:28 cse520linux kernel: [  127.839999] Hello
Nov 23 23:13:28 cse520linux kernel: [  127.841002] Hello
Nov 23 23:13:28 cse520linux kernel: [  127.841998] Hello
Nov 23 23:13:28 cse520linux kernel: [  127.842998] Hello
Nov 23 23:13:28 cse520linux kernel: [  127.843998] Hello
Nov 23 23:13:28 cse520linux kernel: [  127.845000] Hello
Nov 23 23:13:28 cse520linux kernel: [  127.845997] Hello
Nov 23 23:13:28 cse520linux kernel: [  127.846997] Hello
Nov 23 23:13:28 cse520linux kernel: [  127.847996] Hello
Nov 23 23:13:28 cse520linux kernel: [  127.848999] Hello
Nov 23 23:13:28 cse520linux kernel: [  127.849996] Hello
Nov 23 23:13:28 cse520linux kernel: [  127.850995] Hello
Nov 23 23:13:28 cse520linux kernel: [  127.851995] Hello
Nov 23 23:13:28 cse520linux kernel: [  127.852996] Hello
Nov 23 23:13:28 cse520linux kernel: [  127.853995] Hello
Nov 23 23:13:28 cse520linux kernel: [  127.854994] Hello
Nov 23 23:13:28 cse520linux kernel: [  127.855994] Hello
Nov 23 23:13:28 cse520linux kernel: [  127.856994] Hello
Nov 23 23:13:28 cse520linux kernel: [  127.857994] Hello
Nov 23 23:13:28 cse520linux kernel: [  127.858993] Hello
Nov 23 23:13:28 cse520linux kernel: [  127.859993] Hello
Nov 23 23:13:28 cse520linux kernel: [  127.861000] Hello
Nov 23 23:13:28 cse520linux kernel: [  127.861995] Hello
Nov 23 23:13:28 cse520linux kernel: [  127.862996] Hello
Nov 23 23:13:28 cse520linux kernel: [  127.863992] Hello
Nov 23 23:13:28 cse520linux kernel: [  127.864991] Hello
Nov 23 23:13:28 cse520linux kernel: [  127.865997] Hello
Nov 23 23:13:28 cse520linux kernel: [  127.866991] Hello
Nov 23 23:13:28 cse520linux kernel: [  127.867990] Hello
Nov 23 23:13:28 cse520linux kernel: [  127.868992] Hello
Nov 23 23:13:28 cse520linux kernel: [  127.869990] Hello
Nov 23 23:13:28 cse520linux kernel: [  127.870989] Hello
Nov 23 23:13:28 cse520linux kernel: [  127.871989] Hello
Nov 23 23:13:28 cse520linux kernel: [  127.872990] Hello
Nov 23 23:13:28 cse520linux kernel: [  127.873989] Hello
Nov 23 23:13:28 cse520linux kernel: [  127.874988] Hello
Nov 23 23:13:28 cse520linux kernel: [  127.875988] Hello
Nov 23 23:13:28 cse520linux kernel: [  127.876988] Hello
Nov 23 23:13:28 cse520linux kernel: [  127.877987] Hello
Nov 23 23:13:28 cse520linux kernel: [  127.878988] Hello
Nov 23 23:13:28 cse520linux kernel: [  127.879987] Hello
Nov 23 23:13:28 cse520linux kernel: [  127.880986] Hello
Nov 23 23:13:28 cse520linux kernel: [  127.881991] Hello
Nov 23 23:13:28 cse520linux kernel: [  127.882986] Hello
Nov 23 23:13:28 cse520linux kernel: [  127.883986] Hello
Nov 23 23:13:28 cse520linux kernel: [  127.884987] Hello
Nov 23 23:13:28 cse520linux kernel: [  127.885985] Hello
Nov 23 23:13:28 cse520linux kernel: [  127.886985] Hello
Nov 23 23:13:28 cse520linux kernel: [  127.887984] Hello
Nov 23 23:13:28 cse520linux kernel: [  127.888984] Hello
Nov 23 23:13:28 cse520linux kernel: [  127.889984] Hello
Nov 23 23:13:28 cse520linux kernel: [  127.890984] Hello
Nov 23 23:13:28 cse520linux kernel: [  127.891993] Hello
Nov 23 23:13:28 cse520linux kernel: [  127.892990] Hello
Nov 23 23:13:28 cse520linux kernel: [  127.893988] Hello
Nov 23 23:13:28 cse520linux kernel: [  127.894982] Hello
Nov 23 23:13:28 cse520linux kernel: [  127.895982] Hello
Nov 23 23:13:28 cse520linux kernel: [  127.896982] Hello
Nov 23 23:13:28 cse520linux kernel: [  127.897988] Hello
Nov 23 23:13:28 cse520linux kernel: [  127.898981] Hello
Nov 23 23:13:28 cse520linux kernel: [  127.899981] Hello
Nov 23 23:13:28 cse520linux kernel: [  127.900982] Hello
Nov 23 23:13:28 cse520linux kernel: [  127.901980] Hello
Nov 23 23:13:28 cse520linux kernel: [  127.902980] Hello
Nov 23 23:13:28 cse520linux kernel: [  127.903980] Hello
Nov 23 23:13:28 cse520linux kernel: [  127.904980] Hello
Nov 23 23:13:28 cse520linux kernel: [  127.905979] Hello
Nov 23 23:13:28 cse520linux kernel: [  127.906979] Hello
Nov 23 23:13:28 cse520linux kernel: [  127.907978] Hello
Nov 23 23:13:28 cse520linux kernel: [  127.908979] Hello
Nov 23 23:13:28 cse520linux kernel: [  127.909978] Hello
Nov 23 23:13:28 cse520linux kernel: [  127.910977] Hello
Nov 23 23:13:28 cse520linux kernel: [  127.911977] Hello
Nov 23 23:13:28 cse520linux kernel: [  127.912978] Hello
Nov 23 23:13:28 cse520linux kernel: [  127.913977] Hello
Nov 23 23:13:28 cse520linux kernel: [  127.914976] Hello
Nov 23 23:13:28 cse520linux kernel: [  127.915976] Hello
Nov 23 23:13:28 cse520linux kernel: [  127.916976] Hello
Nov 23 23:13:28 cse520linux kernel: [  127.917975] Hello
Nov 23 23:13:28 cse520linux kernel: [  127.918975] Hello
Nov 23 23:13:28 cse520linux kernel: [  127.919975] Hello
Nov 23 23:13:28 cse520linux kernel: [  127.920975] Hello
Nov 23 23:13:28 cse520linux kernel: [  127.921980] Hello
Nov 23 23:13:28 cse520linux kernel: [  127.922979] Hello
Nov 23 23:13:28 cse520linux kernel: [  127.923979] Hello
Nov 23 23:13:28 cse520linux kernel: [  127.924973] Hello
Nov 23 23:13:28 cse520linux kernel: [  127.925979] Hello
Nov 23 23:13:28 cse520linux kernel: [  127.926973] Hello
Nov 23 23:13:28 cse520linux kernel: [  127.927972] Hello
Nov 23 23:13:28 cse520linux kernel: [  127.928974] Hello
Nov 23 23:13:28 cse520linux kernel: [  127.929972] Hello
Nov 23 23:13:28 cse520linux kernel: [  127.930971] Hello
Nov 23 23:13:28 cse520linux kernel: [  127.931971] Hello
Nov 23 23:13:28 cse520linux kernel: [  127.932972] Hello
Nov 23 23:13:28 cse520linux kernel: [  127.933971] Hello
Nov 23 23:13:28 cse520linux kernel: [  127.934970] Hello
Nov 23 23:13:28 cse520linux kernel: [  127.935970] Hello
Nov 23 23:13:28 cse520linux kernel: [  127.936970] Hello
Nov 23 23:13:28 cse520linux kernel: [  127.937974] Hello
Nov 23 23:13:28 cse520linux kernel: [  127.938969] Hello
Nov 23 23:13:28 cse520linux kernel: [  127.939969] Hello
Nov 23 23:13:28 cse520linux kernel: [  127.940968] Hello
Nov 23 23:13:28 cse520linux kernel: [  127.941973] Hello
Nov 23 23:13:28 cse520linux kernel: [  127.942968] Hello
Nov 23 23:13:28 cse520linux kernel: [  127.943968] Hello
Nov 23 23:13:28 cse520linux kernel: [  127.944968] Hello
Nov 23 23:13:28 cse520linux kernel: [  127.945967] Hello
Nov 23 23:13:28 cse520linux kernel: [  127.946967] Hello
Nov 23 23:13:28 cse520linux kernel: [  127.947966] Hello
Nov 23 23:13:28 cse520linux kernel: [  127.948967] Hello
Nov 23 23:13:28 cse520linux kernel: [  127.949966] Hello
Nov 23 23:13:28 cse520linux kernel: [  127.950966] Hello
Nov 23 23:13:28 cse520linux kernel: [  127.951965] Hello
Nov 23 23:13:28 cse520linux kernel: [  127.952966] Hello
Nov 23 23:13:28 cse520linux kernel: [  127.953971] Hello
Nov 23 23:13:28 cse520linux kernel: [  127.954968] Hello
Nov 23 23:13:28 cse520linux kernel: [  127.955969] Hello
Nov 23 23:13:28 cse520linux kernel: [  127.956964] Hello
Nov 23 23:13:28 cse520linux kernel: [  127.957969] Hello
Nov 23 23:13:28 cse520linux kernel: [  127.958964] Hello
Nov 23 23:13:28 cse520linux kernel: [  127.959963] Hello
Nov 23 23:13:28 cse520linux kernel: [  127.960962] Hello
Nov 23 23:13:28 cse520linux kernel: [  127.961966] Hello
Nov 23 23:13:28 cse520linux kernel: [  127.962962] Hello
Nov 23 23:13:28 cse520linux kernel: [  127.963962] Hello
Nov 23 23:13:28 cse520linux kernel: [  127.964962] Hello
Nov 23 23:13:28 cse520linux kernel: [  127.965961] Hello
Nov 23 23:13:28 cse520linux kernel: [  127.966961] Hello
Nov 23 23:13:28 cse520linux kernel: [  127.967960] Hello
Nov 23 23:13:28 cse520linux kernel: [  127.968961] Hello
Nov 23 23:13:28 cse520linux kernel: [  127.969960] Hello
Nov 23 23:13:28 cse520linux kernel: [  127.970959] Hello
Nov 23 23:13:28 cse520linux kernel: [  127.971959] Hello
Nov 23 23:13:28 cse520linux kernel: [  127.972960] Hello
Nov 23 23:13:28 cse520linux kernel: [  127.973959] Hello
Nov 23 23:13:28 cse520linux kernel: [  127.974958] Hello
Nov 23 23:13:28 cse520linux kernel: [  127.975958] Hello
Nov 23 23:13:28 cse520linux kernel: [  127.976958] Hello
Nov 23 23:13:28 cse520linux kernel: [  127.977957] Hello
Nov 23 23:13:28 cse520linux kernel: [  127.978957] Hello
Nov 23 23:13:28 cse520linux kernel: [  127.979957] Hello
Nov 23 23:13:28 cse520linux kernel: [  127.980957] Hello
Nov 23 23:13:28 cse520linux kernel: [  127.981956] Hello
Nov 23 23:13:28 cse520linux kernel: [  127.982956] Hello
Nov 23 23:13:28 cse520linux kernel: [  127.983959] Hello
Nov 23 23:13:28 cse520linux kernel: [  127.984962] Hello
Nov 23 23:13:28 cse520linux kernel: [  127.985961] Hello
Nov 23 23:13:28 cse520linux kernel: [  127.986958] Hello
Nov 23 23:13:28 cse520linux kernel: [  127.987954] Hello
Nov 23 23:13:28 cse520linux kernel: [  127.988954] Hello
Nov 23 23:13:28 cse520linux kernel: [  127.989958] Hello
Nov 23 23:13:28 cse520linux kernel: [  127.990953] Hello
Nov 23 23:13:28 cse520linux kernel: [  127.991953] Hello
Nov 23 23:13:28 cse520linux kernel: [  127.992954] Hello
Nov 23 23:13:28 cse520linux kernel: [  127.993953] Hello
Nov 23 23:13:28 cse520linux kernel: [  127.994952] Hello
Nov 23 23:13:28 cse520linux kernel: [  127.995952] Hello
Nov 23 23:13:28 cse520linux kernel: [  127.996952] Hello
Nov 23 23:13:28 cse520linux kernel: [  127.997951] Hello
Nov 23 23:13:28 cse520linux kernel: [  127.998951] Hello
Nov 23 23:13:28 cse520linux kernel: [  127.999951] Hello
Nov 23 23:13:28 cse520linux kernel: [  128.000951] Hello
Nov 23 23:13:28 cse520linux kernel: [  128.001950] Hello
Nov 23 23:13:28 cse520linux kernel: [  128.002950] Hello
Nov 23 23:13:28 cse520linux kernel: [  128.003950] Hello
Nov 23 23:13:28 cse520linux kernel: [  128.004950] Hello
Nov 23 23:13:28 cse520linux kernel: [  128.005982] Hello
Nov 23 23:13:28 cse520linux kernel: [  128.006949] Hello
Nov 23 23:13:28 cse520linux kernel: [  128.007951] Hello
Nov 23 23:13:28 cse520linux kernel: [  128.008950] Hello
Nov 23 23:13:28 cse520linux kernel: [  128.009953] Hello
Nov 23 23:13:28 cse520linux kernel: [  128.010948] Hello
Nov 23 23:13:28 cse520linux kernel: [  128.011947] Hello
Nov 23 23:13:28 cse520linux kernel: [  128.012947] Hello
Nov 23 23:13:28 cse520linux kernel: [  128.013947] Hello
Nov 23 23:13:28 cse520linux kernel: [  128.014974] Hello
Nov 23 23:13:28 cse520linux kernel: [  128.015952] Hello
Nov 23 23:13:28 cse520linux kernel: [  128.016950] Hello
Nov 23 23:13:28 cse520linux kernel: [  128.017953] Hello
Nov 23 23:13:28 cse520linux kernel: [  128.018945] Hello
Nov 23 23:13:28 cse520linux kernel: [  128.019945] Hello
Nov 23 23:13:28 cse520linux kernel: [  128.020947] Hello
Nov 23 23:13:28 cse520linux kernel: [  128.021944] Hello
Nov 23 23:13:28 cse520linux kernel: [  128.022944] Hello
Nov 23 23:13:28 cse520linux kernel: [  128.023944] Hello
Nov 23 23:13:28 cse520linux kernel: [  128.024944] Hello
Nov 23 23:13:28 cse520linux kernel: [  128.025966] Hello
Nov 23 23:13:28 cse520linux kernel: [  128.026944] Hello
Nov 23 23:13:28 cse520linux kernel: [  128.027942] Hello
Nov 23 23:13:28 cse520linux kernel: [  128.028942] Hello
Nov 23 23:13:28 cse520linux kernel: [  128.029947] Hello
Nov 23 23:13:28 cse520linux kernel: [  128.030942] Hello
Nov 23 23:13:28 cse520linux kernel: [  128.031941] Hello
Nov 23 23:13:28 cse520linux kernel: [  128.032942] Hello
Nov 23 23:13:28 cse520linux kernel: [  128.033941] Hello
Nov 23 23:13:28 cse520linux kernel: [  128.034940] Hello
Nov 23 23:13:28 cse520linux kernel: [  128.035940] Hello
Nov 23 23:13:28 cse520linux kernel: [  128.036940] Hello
Nov 23 23:13:28 cse520linux kernel: [  128.037939] Hello
Nov 23 23:13:28 cse520linux kernel: [  128.038939] Hello
Nov 23 23:13:28 cse520linux kernel: [  128.039939] Hello
Nov 23 23:13:28 cse520linux kernel: [  128.040939] Hello
Nov 23 23:13:28 cse520linux kernel: [  128.041938] Hello
Nov 23 23:13:28 cse520linux kernel: [  128.042938] Hello
Nov 23 23:13:28 cse520linux kernel: [  128.043938] Hello
Nov 23 23:13:28 cse520linux kernel: [  128.044939] Hello
Nov 23 23:13:28 cse520linux kernel: [  128.045938] Hello
Nov 23 23:13:28 cse520linux kernel: [  128.046945] Hello
Nov 23 23:13:28 cse520linux kernel: [  128.047942] Hello
Nov 23 23:13:28 cse520linux kernel: [  128.048936] Hello
Nov 23 23:13:28 cse520linux kernel: [  128.049941] Hello
Nov 23 23:13:28 cse520linux kernel: [  128.050936] Hello
Nov 23 23:13:28 cse520linux kernel: [  128.051935] Hello
Nov 23 23:13:28 cse520linux kernel: [  128.052936] Hello
Nov 23 23:13:28 cse520linux kernel: [  128.053935] Hello
Nov 23 23:13:28 cse520linux kernel: [  128.054934] Hello
Nov 23 23:13:28 cse520linux kernel: [  128.055934] Hello
Nov 23 23:13:28 cse520linux kernel: [  128.056934] Hello
Nov 23 23:13:28 cse520linux kernel: [  128.057933] Hello
Nov 23 23:13:28 cse520linux kernel: [  128.058933] Hello
Nov 23 23:13:28 cse520linux kernel: [  128.059933] Hello
Nov 23 23:13:28 cse520linux kernel: [  128.060933] Hello
Nov 23 23:13:28 cse520linux kernel: [  128.061932] Hello
Nov 23 23:13:28 cse520linux kernel: [  128.062933] Hello
Nov 23 23:13:28 cse520linux kernel: [  128.063931] Hello
Nov 23 23:13:28 cse520linux kernel: [  128.064931] Hello
Nov 23 23:13:28 cse520linux kernel: [  128.065936] Hello
Nov 23 23:13:28 cse520linux kernel: [  128.066931] Hello
Nov 23 23:13:28 cse520linux kernel: [  128.067930] Hello
Nov 23 23:13:28 cse520linux kernel: [  128.068931] Hello
Nov 23 23:13:28 cse520linux kernel: [  128.069930] Hello
Nov 23 23:13:28 cse520linux kernel: [  128.070929] Hello
Nov 23 23:13:28 cse520linux kernel: [  128.071929] Hello
Nov 23 23:13:28 cse520linux kernel: [  128.072930] Hello
Nov 23 23:13:28 cse520linux kernel: [  128.073929] Hello
Nov 23 23:13:28 cse520linux kernel: [  128.074928] Hello
Nov 23 23:13:28 cse520linux kernel: [  128.075928] Hello
Nov 23 23:13:28 cse520linux kernel: [  128.076929] Hello
Nov 23 23:13:28 cse520linux kernel: [  128.077937] Hello
Nov 23 23:13:28 cse520linux kernel: [  128.078930] Hello
Nov 23 23:13:28 cse520linux kernel: [  128.079931] Hello
Nov 23 23:13:28 cse520linux kernel: [  128.080926] Hello
Nov 23 23:13:28 cse520linux kernel: [  128.081932] Hello
Nov 23 23:13:28 cse520linux kernel: [  128.082926] Hello
Nov 23 23:13:28 cse520linux kernel: [  128.083925] Hello
Nov 23 23:13:28 cse520linux kernel: [  128.084927] Hello
Nov 23 23:13:28 cse520linux kernel: [  128.085925] Hello
Nov 23 23:13:28 cse520linux kernel: [  128.086925] Hello
Nov 23 23:13:28 cse520linux kernel: [  128.087924] Hello
Nov 23 23:13:28 cse520linux kernel: [  128.088925] Hello
Nov 23 23:13:28 cse520linux kernel: [  128.089924] Hello
Nov 23 23:13:28 cse520linux kernel: [  128.090923] Hello
Nov 23 23:13:28 cse520linux kernel: [  128.091923] Hello
Nov 23 23:13:28 cse520linux kernel: [  128.092924] Hello
Nov 23 23:13:28 cse520linux kernel: [  128.093923] Hello
Nov 23 23:13:28 cse520linux kernel: [  128.094922] Hello
Nov 23 23:13:28 cse520linux kernel: [  128.095922] Hello
Nov 23 23:13:28 cse520linux kernel: [  128.096921] Hello
Nov 23 23:13:28 cse520linux kernel: [  128.097926] Hello
Nov 23 23:13:28 cse520linux kernel: [  128.098921] Hello
Nov 23 23:13:28 cse520linux kernel: [  128.099921] Hello
Nov 23 23:13:28 cse520linux kernel: [  128.100922] Hello
Nov 23 23:13:28 cse520linux kernel: [  128.101920] Hello
Nov 23 23:13:28 cse520linux kernel: [  128.102920] Hello
Nov 23 23:13:28 cse520linux kernel: [  128.103920] Hello
Nov 23 23:13:28 cse520linux kernel: [  128.104920] Hello
Nov 23 23:13:28 cse520linux kernel: [  128.105919] Hello
Nov 23 23:13:28 cse520linux kernel: [  128.106919] Hello
Nov 23 23:13:28 cse520linux kernel: [  128.107918] Hello
Nov 23 23:13:28 cse520linux kernel: [  128.108928] Hello
Nov 23 23:13:28 cse520linux kernel: [  128.109923] Hello
Nov 23 23:13:28 cse520linux kernel: [  128.110919] Hello
Nov 23 23:13:28 cse520linux kernel: [  128.111917] Hello
Nov 23 23:13:28 cse520linux kernel: [  128.112917] Hello
Nov 23 23:13:28 cse520linux kernel: [  128.113922] Hello
Nov 23 23:13:28 cse520linux kernel: [  128.114916] Hello
Nov 23 23:13:28 cse520linux kernel: [  128.115916] Hello
Nov 23 23:13:28 cse520linux kernel: [  128.116917] Hello
Nov 23 23:13:28 cse520linux kernel: [  128.117915] Hello
Nov 23 23:13:28 cse520linux kernel: [  128.118916] Hello
Nov 23 23:13:28 cse520linux kernel: [  128.119915] Hello
Nov 23 23:13:28 cse520linux kernel: [  128.120914] Hello
Nov 23 23:13:28 cse520linux kernel: [  128.121918] Hello
Nov 23 23:13:28 cse520linux kernel: [  128.122914] Hello
Nov 23 23:13:28 cse520linux kernel: [  128.123913] Hello
Nov 23 23:13:28 cse520linux kernel: [  128.124914] Hello
Nov 23 23:13:28 cse520linux kernel: [  128.125913] Hello
Nov 23 23:13:28 cse520linux kernel: [  128.126913] Hello
Nov 23 23:13:28 cse520linux kernel: [  128.127912] Hello
Nov 23 23:13:28 cse520linux kernel: [  128.128913] Hello
Nov 23 23:13:28 cse520linux kernel: [  128.129912] Hello
Nov 23 23:13:28 cse520linux kernel: [  128.130911] Hello
Nov 23 23:13:28 cse520linux kernel: [  128.131911] Hello
Nov 23 23:13:28 cse520linux kernel: [  128.132912] Hello
Nov 23 23:13:28 cse520linux kernel: [  128.133911] Hello
Nov 23 23:13:28 cse520linux kernel: [  128.134910] Hello
Nov 23 23:13:28 cse520linux kernel: [  128.135910] Hello
Nov 23 23:13:28 cse520linux kernel: [  128.136910] Hello
Nov 23 23:13:28 cse520linux kernel: [  128.137910] Hello
Nov 23 23:13:28 cse520linux kernel: [  128.138909] Hello
Nov 23 23:13:28 cse520linux kernel: [  128.139918] Hello
Nov 23 23:13:28 cse520linux kernel: [  128.140915] Hello
Nov 23 23:13:28 cse520linux kernel: [  128.141914] Hello
Nov 23 23:13:28 cse520linux kernel: [  128.142909] Hello
Nov 23 23:13:28 cse520linux kernel: [  128.143907] Hello
Nov 23 23:13:28 cse520linux kernel: [  128.144907] Hello
Nov 23 23:13:28 cse520linux kernel: [  128.145911] Hello
Nov 23 23:13:28 cse520linux kernel: [  128.146907] Hello
Nov 23 23:13:28 cse520linux kernel: [  128.147906] Hello
Nov 23 23:13:28 cse520linux kernel: [  128.148907] Hello
Nov 23 23:13:28 cse520linux kernel: [  128.149906] Hello
Nov 23 23:13:28 cse520linux kernel: [  128.150905] Hello
Nov 23 23:13:28 cse520linux kernel: [  128.151905] Hello
Nov 23 23:13:28 cse520linux kernel: [  128.152906] Hello
Nov 23 23:13:28 cse520linux kernel: [  128.153905] Hello
Nov 23 23:13:28 cse520linux kernel: [  128.154904] Hello
Nov 23 23:13:28 cse520linux kernel: [  128.155904] Hello
Nov 23 23:13:28 cse520linux kernel: [  128.156904] Hello
Nov 23 23:13:28 cse520linux kernel: [  128.157903] Hello
Nov 23 23:13:28 cse520linux kernel: [  128.158903] Hello
Nov 23 23:13:28 cse520linux kernel: [  128.159903] Hello
Nov 23 23:13:28 cse520linux kernel: [  128.160903] Hello
Nov 23 23:13:28 cse520linux kernel: [  128.161902] Hello
Nov 23 23:13:28 cse520linux kernel: [  128.162902] Hello
Nov 23 23:13:28 cse520linux kernel: [  128.163901] Hello
Nov 23 23:13:28 cse520linux kernel: [  128.164902] Hello
Nov 23 23:13:28 cse520linux kernel: [  128.165901] Hello
Nov 23 23:13:28 cse520linux kernel: [  128.166901] Hello
Nov 23 23:13:28 cse520linux kernel: [  128.167900] Hello
Nov 23 23:13:28 cse520linux kernel: [  128.168901] Hello
Nov 23 23:13:28 cse520linux kernel: [  128.169900] Hello
Nov 23 23:13:28 cse520linux kernel: [  128.170909] Hello
Nov 23 23:13:28 cse520linux kernel: [  128.171905] Hello
Nov 23 23:13:28 cse520linux kernel: [  128.172899] Hello
Nov 23 23:13:28 cse520linux kernel: [  128.173905] Hello
Nov 23 23:13:28 cse520linux kernel: [  128.174898] Hello
Nov 23 23:13:28 cse520linux kernel: [  128.175898] Hello
Nov 23 23:13:28 cse520linux kernel: [  128.176899] Hello
Nov 23 23:13:28 cse520linux kernel: [  128.177897] Hello
Nov 23 23:13:28 cse520linux kernel: [  128.178897] Hello
Nov 23 23:13:28 cse520linux kernel: [  128.179897] Hello
Nov 23 23:13:28 cse520linux kernel: [  128.180897] Hello
Nov 23 23:13:28 cse520linux kernel: [  128.181896] Hello
Nov 23 23:13:28 cse520linux kernel: [  128.182896] Hello
Nov 23 23:13:28 cse520linux kernel: [  128.183895] Hello
Nov 23 23:13:28 cse520linux kernel: [  128.184896] Hello
Nov 23 23:13:28 cse520linux kernel: [  128.185895] Hello
Nov 23 23:13:28 cse520linux kernel: [  128.186895] Hello
Nov 23 23:13:28 cse520linux kernel: [  128.187894] Hello
Nov 23 23:13:28 cse520linux kernel: [  128.188895] Hello
Nov 23 23:13:28 cse520linux kernel: [  128.189894] Hello
Nov 23 23:13:28 cse520linux kernel: [  128.190893] Hello
Nov 23 23:13:28 cse520linux kernel: [  128.191894] Hello
Nov 23 23:13:28 cse520linux kernel: [  128.192893] Hello
Nov 23 23:13:28 cse520linux kernel: [  128.193898] Hello
Nov 23 23:13:28 cse520linux kernel: [  128.194892] Hello
Nov 23 23:13:28 cse520linux kernel: [  128.195892] Hello
Nov 23 23:13:28 cse520linux kernel: [  128.196893] Hello
Nov 23 23:13:28 cse520linux kernel: [  128.197891] Hello
Nov 23 23:13:28 cse520linux kernel: [  128.198891] Hello
Nov 23 23:13:28 cse520linux kernel: [  128.199891] Hello
Nov 23 23:13:28 cse520linux kernel: [  128.200892] Hello
Nov 23 23:13:28 cse520linux kernel: [  128.201897] Hello
Nov 23 23:13:28 cse520linux kernel: [  128.202893] Hello
Nov 23 23:13:28 cse520linux kernel: [  128.203895] Hello
Nov 23 23:13:28 cse520linux kernel: [  128.204889] Hello
Nov 23 23:13:28 cse520linux kernel: [  128.205895] Hello
Nov 23 23:13:28 cse520linux kernel: [  128.206889] Hello
Nov 23 23:13:28 cse520linux kernel: [  128.207888] Hello
Nov 23 23:13:28 cse520linux kernel: [  128.208889] Hello
Nov 23 23:13:28 cse520linux kernel: [  128.209888] Hello
Nov 23 23:13:28 cse520linux kernel: [  128.210887] Hello
Nov 23 23:13:28 cse520linux kernel: [  128.211887] Hello
Nov 23 23:13:28 cse520linux kernel: [  128.212888] Hello
Nov 23 23:13:28 cse520linux kernel: [  128.213887] Hello
Nov 23 23:13:28 cse520linux kernel: [  128.214886] Hello
Nov 23 23:13:28 cse520linux kernel: [  128.215886] Hello
Nov 23 23:13:28 cse520linux kernel: [  128.216886] Hello
Nov 23 23:13:28 cse520linux kernel: [  128.217885] Hello
Nov 23 23:13:28 cse520linux kernel: [  128.218885] Hello
Nov 23 23:13:28 cse520linux kernel: [  128.219885] Hello
Nov 23 23:13:28 cse520linux kernel: [  128.220885] Hello
Nov 23 23:13:28 cse520linux kernel: [  128.221884] Hello
Nov 23 23:13:28 cse520linux kernel: [  128.222884] Hello
Nov 23 23:13:28 cse520linux kernel: [  128.223883] Hello
Nov 23 23:13:28 cse520linux kernel: [  128.224884] Hello
Nov 23 23:13:28 cse520linux kernel: [  128.225883] Hello
Nov 23 23:13:28 cse520linux kernel: [  128.226883] Hello
Nov 23 23:13:28 cse520linux kernel: [  128.227882] Hello
Nov 23 23:13:28 cse520linux kernel: [  128.228882] Hello
Nov 23 23:13:28 cse520linux kernel: [  128.229882] Hello
Nov 23 23:13:28 cse520linux kernel: [  128.230882] Hello
Nov 23 23:13:28 cse520linux kernel: [  128.231888] Hello
Nov 23 23:13:28 cse520linux kernel: [  128.232884] Hello
Nov 23 23:13:28 cse520linux kernel: [  128.233889] Hello
Nov 23 23:13:28 cse520linux kernel: [  128.234881] Hello
Nov 23 23:13:28 cse520linux kernel: [  128.235881] Hello
Nov 23 23:13:28 cse520linux kernel: [  128.236880] Hello
Nov 23 23:13:28 cse520linux kernel: [  128.237884] Hello
Nov 23 23:13:28 cse520linux kernel: [  128.238887] Hello
Nov 23 23:13:28 cse520linux kernel: [  128.239881] Hello
Nov 23 23:13:28 cse520linux kernel: [  128.240885] Hello
Nov 23 23:13:28 cse520linux kernel: [  128.241882] Hello
Nov 23 23:13:28 cse520linux kernel: [  128.242878] Hello
Nov 23 23:13:28 cse520linux kernel: [  128.243878] Hello
Nov 23 23:13:28 cse520linux kernel: [  128.244879] Hello
Nov 23 23:13:28 cse520linux kernel: [  128.245877] Hello
Nov 23 23:13:28 cse520linux kernel: [  128.246877] Hello
Nov 23 23:13:28 cse520linux kernel: [  128.247876] Hello
Nov 23 23:13:28 cse520linux kernel: [  128.248877] Hello
